2025-07-18T13:59:10.9347210Z Current runner version: '2.326.0'
2025-07-18T13:59:10.9379368Z ##[group]Runner Image Provisioner
2025-07-18T13:59:10.9380538Z Hosted Compute Agent
2025-07-18T13:59:10.9381364Z Version: 20250711.363
2025-07-18T13:59:10.9382368Z Commit: 6785254374ce925a23743850c1cb91912ce5c14c
2025-07-18T13:59:10.9383502Z Build Date: 2025-07-11T20:04:25Z
2025-07-18T13:59:10.9384411Z ##[endgroup]
2025-07-18T13:59:10.9385256Z ##[group]Operating System
2025-07-18T13:59:10.9386172Z Ubuntu
2025-07-18T13:59:10.9386896Z 24.04.2
2025-07-18T13:59:10.9387687Z LTS
2025-07-18T13:59:10.9388587Z ##[endgroup]
2025-07-18T13:59:10.9389363Z ##[group]Runner Image
2025-07-18T13:59:10.9390336Z Image: ubuntu-24.04
2025-07-18T13:59:10.9391138Z Version: 20250710.1.0
2025-07-18T13:59:10.9392799Z Included Software: https://github.com/actions/runner-images/blob/ubuntu24/20250710.1/images/ubuntu/Ubuntu2404-Readme.md
2025-07-18T13:59:10.9395809Z Image Release: https://github.com/actions/runner-images/releases/tag/ubuntu24%2F20250710.1
2025-07-18T13:59:10.9397410Z ##[endgroup]
2025-07-18T13:59:10.9399402Z ##[group]GITHUB_TOKEN Permissions
2025-07-18T13:59:10.9401807Z Contents: read
2025-07-18T13:59:10.9402728Z Metadata: read
2025-07-18T13:59:10.9403551Z Packages: read
2025-07-18T13:59:10.9404292Z ##[endgroup]
2025-07-18T13:59:10.9407126Z Secret source: Actions
2025-07-18T13:59:10.9408327Z Prepare workflow directory
2025-07-18T13:59:10.9859989Z Prepare all required actions
2025-07-18T13:59:10.9915291Z Getting action download info
2025-07-18T13:59:11.2770452Z ##[group]Download immutable action package 'actions/checkout@v4'
2025-07-18T13:59:11.2771551Z Version: 4.2.2
2025-07-18T13:59:11.2772489Z Digest: sha256:ccb2698953eaebd21c7bf6268a94f9c26518a7e38e27e0b83c1fe1ad049819b1
2025-07-18T13:59:11.2773622Z Source commit SHA: 11bd71901bbe5b1630ceea73d27597364c9af683
2025-07-18T13:59:11.2774396Z ##[endgroup]
2025-07-18T13:59:11.3707105Z ##[group]Download immutable action package 'actions/setup-go@v4'
2025-07-18T13:59:11.3707851Z Version: 4.2.1
2025-07-18T13:59:11.3708979Z Digest: sha256:75a8c978c635c88a644ee8c0346872bb90376adb06196b66679a99aeb2646580
2025-07-18T13:59:11.3709946Z Source commit SHA: 19bb51245e9c80abacb2e91cc42b33fa478b8639
2025-07-18T13:59:11.3710616Z ##[endgroup]
2025-07-18T13:59:11.6049380Z ##[group]Download immutable action package 'actions/upload-artifact@v4'
2025-07-18T13:59:11.6050145Z Version: 4.6.2
2025-07-18T13:59:11.6050918Z Digest: sha256:290722aa3281d5caf23d0acdc3dbeb3424786a1a01a9cc97e72f147225e37c38
2025-07-18T13:59:11.6051882Z Source commit SHA: ea165f8d65b6e75b540449e92b4886f43607fa02
2025-07-18T13:59:11.6052520Z ##[endgroup]
2025-07-18T13:59:11.7944659Z Complete job name: integration-tests
2025-07-18T13:59:11.8602457Z ##[group]Run actions/checkout@v4
2025-07-18T13:59:11.8603249Z with:
2025-07-18T13:59:11.8603621Z   repository: snassar/spooky
2025-07-18T13:59:11.8604227Z   token: ***
2025-07-18T13:59:11.8604588Z   ssh-strict: true
2025-07-18T13:59:11.8604970Z   ssh-user: git
2025-07-18T13:59:11.8605347Z   persist-credentials: true
2025-07-18T13:59:11.8605791Z   clean: true
2025-07-18T13:59:11.8606173Z   sparse-checkout-cone-mode: true
2025-07-18T13:59:11.8606636Z   fetch-depth: 1
2025-07-18T13:59:11.8607012Z   fetch-tags: false
2025-07-18T13:59:11.8607390Z   show-progress: true
2025-07-18T13:59:11.8607776Z   lfs: false
2025-07-18T13:59:11.8608279Z   submodules: false
2025-07-18T13:59:11.8608671Z   set-safe-directory: true
2025-07-18T13:59:11.8609325Z ##[endgroup]
2025-07-18T13:59:11.9698706Z Syncing repository: snassar/spooky
2025-07-18T13:59:11.9701039Z ##[group]Getting Git version info
2025-07-18T13:59:11.9702088Z Working directory is '/home/runner/work/spooky/spooky'
2025-07-18T13:59:11.9704181Z [command]/usr/bin/git version
2025-07-18T13:59:11.9705960Z git version 2.50.1
2025-07-18T13:59:11.9732202Z ##[endgroup]
2025-07-18T13:59:11.9750200Z Temporarily overriding HOME='/home/runner/work/_temp/7051678d-3bf5-408a-b7b2-f9bba73abe4b' before making global git config changes
2025-07-18T13:59:11.9753826Z Adding repository directory to the temporary git global config as a safe directory
2025-07-18T13:59:11.9763366Z [command]/usr/bin/git config --global --add safe.directory /home/runner/work/spooky/spooky
2025-07-18T13:59:11.9798632Z Deleting the contents of '/home/runner/work/spooky/spooky'
2025-07-18T13:59:11.9802651Z ##[group]Initializing the repository
2025-07-18T13:59:11.9806939Z [command]/usr/bin/git init /home/runner/work/spooky/spooky
2025-07-18T13:59:11.9881855Z hint: Using 'master' as the name for the initial branch. This default branch name
2025-07-18T13:59:11.9883455Z hint: is subject to change. To configure the initial branch name to use in all
2025-07-18T13:59:11.9884890Z hint: of your new repositories, which will suppress this warning, call:
2025-07-18T13:59:11.9885795Z hint:
2025-07-18T13:59:11.9886265Z hint: 	git config --global init.defaultBranch <name>
2025-07-18T13:59:11.9886817Z hint:
2025-07-18T13:59:11.9887350Z hint: Names commonly chosen instead of 'master' are 'main', 'trunk' and
2025-07-18T13:59:11.9888480Z hint: 'development'. The just-created branch can be renamed via this command:
2025-07-18T13:59:11.9889193Z hint:
2025-07-18T13:59:11.9889734Z hint: 	git branch -m <name>
2025-07-18T13:59:11.9890405Z hint:
2025-07-18T13:59:11.9891013Z hint: Disable this message with "git config set advice.defaultBranchName false"
2025-07-18T13:59:11.9891937Z Initialized empty Git repository in /home/runner/work/spooky/spooky/.git/
2025-07-18T13:59:11.9895348Z [command]/usr/bin/git remote add origin https://github.com/snassar/spooky
2025-07-18T13:59:11.9927631Z ##[endgroup]
2025-07-18T13:59:11.9928529Z ##[group]Disabling automatic garbage collection
2025-07-18T13:59:11.9932788Z [command]/usr/bin/git config --local gc.auto 0
2025-07-18T13:59:11.9969799Z ##[endgroup]
2025-07-18T13:59:11.9970999Z ##[group]Setting up auth
2025-07-18T13:59:11.9976558Z [command]/usr/bin/git config --local --name-only --get-regexp core\.sshCommand
2025-07-18T13:59:12.0008216Z [command]/usr/bin/git submodule foreach --recursive sh -c "git config --local --name-only --get-regexp 'core\.sshCommand' && git config --local --unset-all 'core.sshCommand' || :"
2025-07-18T13:59:12.0294165Z [command]/usr/bin/git config --local --name-only --get-regexp http\.https\:\/\/github\.com\/\.extraheader
2025-07-18T13:59:12.0322771Z [command]/usr/bin/git submodule foreach --recursive sh -c "git config --local --name-only --get-regexp 'http\.https\:\/\/github\.com\/\.extraheader' && git config --local --unset-all 'http.https://github.com/.extraheader' || :"
2025-07-18T13:59:12.0532837Z [command]/usr/bin/git config --local http.https://github.com/.extraheader AUTHORIZATION: basic ***
2025-07-18T13:59:12.0571614Z ##[endgroup]
2025-07-18T13:59:12.0572994Z ##[group]Fetching the repository
2025-07-18T13:59:12.0588707Z [command]/usr/bin/git -c protocol.version=2 fetch --no-tags --prune --no-recurse-submodules --depth=1 origin +b24aee1d6af6b7ec3321064c91ca3d46301296f0:refs/remotes/origin/main
2025-07-18T13:59:12.2635027Z From https://github.com/snassar/spooky
2025-07-18T13:59:12.2636027Z  * [new ref]         b24aee1d6af6b7ec3321064c91ca3d46301296f0 -> origin/main
2025-07-18T13:59:12.2659393Z ##[endgroup]
2025-07-18T13:59:12.2660589Z ##[group]Determining the checkout info
2025-07-18T13:59:12.2662035Z ##[endgroup]
2025-07-18T13:59:12.2667019Z [command]/usr/bin/git sparse-checkout disable
2025-07-18T13:59:12.2704641Z [command]/usr/bin/git config --local --unset-all extensions.worktreeConfig
2025-07-18T13:59:12.2732537Z ##[group]Checking out the ref
2025-07-18T13:59:12.2736785Z [command]/usr/bin/git checkout --progress --force -B main refs/remotes/origin/main
2025-07-18T13:59:12.2837005Z Switched to a new branch 'main'
2025-07-18T13:59:12.2839779Z branch 'main' set up to track 'origin/main'.
2025-07-18T13:59:12.2845473Z ##[endgroup]
2025-07-18T13:59:12.2877053Z [command]/usr/bin/git log -1 --format=%H
2025-07-18T13:59:12.2897996Z b24aee1d6af6b7ec3321064c91ca3d46301296f0
2025-07-18T13:59:12.3116556Z ##[group]Run actions/setup-go@v4
2025-07-18T13:59:12.3117053Z with:
2025-07-18T13:59:12.3117396Z   go-version: 1.24
2025-07-18T13:59:12.3117971Z   cache: true
2025-07-18T13:59:12.3118656Z   check-latest: false
2025-07-18T13:59:12.3119202Z   token: ***
2025-07-18T13:59:12.3119548Z ##[endgroup]
2025-07-18T13:59:12.4622580Z Setup go version spec 1.24
2025-07-18T13:59:12.4675033Z Found in cache @ /opt/hostedtoolcache/go/1.24.4/x64
2025-07-18T13:59:12.4679385Z Added go to the path
2025-07-18T13:59:12.4682972Z Successfully set up Go version 1.24
2025-07-18T13:59:12.9336239Z [command]/opt/hostedtoolcache/go/1.24.4/x64/bin/go env GOMODCACHE
2025-07-18T13:59:12.9365721Z [command]/opt/hostedtoolcache/go/1.24.4/x64/bin/go env GOCACHE
2025-07-18T13:59:12.9387274Z /home/runner/go/pkg/mod
2025-07-18T13:59:12.9413367Z /home/runner/.cache/go-build
2025-07-18T13:59:13.0439460Z Cache hit for: setup-go-Linux-ubuntu24-go-1.24.4-aaad485832674cf141cb7fa74cfcc9fd60497b098f3bdeff1fd7f02aa044c559
2025-07-18T13:59:13.5254936Z Received 75227766 of 75227766 (100.0%), 159.4 MBs/sec
2025-07-18T13:59:13.5256536Z Cache Size: ~72 MB (75227766 B)
2025-07-18T13:59:13.5283992Z [command]/usr/bin/tar -xf /home/runner/work/_temp/1ae9ed40-5b6e-4dcf-a31a-494c44b704a4/cache.tzst -P -C /home/runner/work/spooky/spooky --use-compress-program unzstd
2025-07-18T13:59:14.1865870Z Cache restored successfully
2025-07-18T13:59:14.2030860Z Cache restored from key: setup-go-Linux-ubuntu24-go-1.24.4-aaad485832674cf141cb7fa74cfcc9fd60497b098f3bdeff1fd7f02aa044c559
2025-07-18T13:59:14.2054631Z go version go1.24.4 linux/amd64
2025-07-18T13:59:14.2054881Z 
2025-07-18T13:59:14.2055218Z ##[group]go env
2025-07-18T13:59:14.2192440Z AR='ar'
2025-07-18T13:59:14.2192842Z CC='gcc'
2025-07-18T13:59:14.2193375Z CGO_CFLAGS='-O2 -g'
2025-07-18T13:59:14.2193797Z CGO_CPPFLAGS=''
2025-07-18T13:59:14.2194168Z CGO_CXXFLAGS='-O2 -g'
2025-07-18T13:59:14.2194476Z CGO_ENABLED='1'
2025-07-18T13:59:14.2210499Z CGO_FFLAGS='-O2 -g'
2025-07-18T13:59:14.2210885Z CGO_LDFLAGS='-O2 -g'
2025-07-18T13:59:14.2211162Z CXX='g++'
2025-07-18T13:59:14.2211515Z GCCGO='gccgo'
2025-07-18T13:59:14.2211750Z GO111MODULE=''
2025-07-18T13:59:14.2211997Z GOAMD64='v1'
2025-07-18T13:59:14.2212315Z GOARCH='amd64'
2025-07-18T13:59:14.2212558Z GOAUTH='netrc'
2025-07-18T13:59:14.2212800Z GOBIN=''
2025-07-18T13:59:14.2213058Z GOCACHE='/home/runner/.cache/go-build'
2025-07-18T13:59:14.2213358Z GOCACHEPROG=''
2025-07-18T13:59:14.2213585Z GODEBUG=''
2025-07-18T13:59:14.2213824Z GOENV='/home/runner/.config/go/env'
2025-07-18T13:59:14.2214106Z GOEXE=''
2025-07-18T13:59:14.2214330Z GOEXPERIMENT=''
2025-07-18T13:59:14.2214572Z GOFIPS140='off'
2025-07-18T13:59:14.2214803Z GOFLAGS=''
2025-07-18T13:59:14.2215447Z GOGCCFLAGS='-fPIC -m64 -pthread -Wl,--no-gc-sections -fmessage-length=0 -ffile-prefix-map=/tmp/go-build4167050921=/tmp/go-build -gno-record-gcc-switches'
2025-07-18T13:59:14.2216105Z GOHOSTARCH='amd64'
2025-07-18T13:59:14.2216342Z GOHOSTOS='linux'
2025-07-18T13:59:14.2216571Z GOINSECURE=''
2025-07-18T13:59:14.2216907Z GOMOD='/home/runner/work/spooky/spooky/go.mod'
2025-07-18T13:59:14.2217241Z GOMODCACHE='/home/runner/go/pkg/mod'
2025-07-18T13:59:14.2217549Z GONOPROXY=''
2025-07-18T13:59:14.2217762Z GONOSUMDB=''
2025-07-18T13:59:14.2217974Z GOOS='linux'
2025-07-18T13:59:14.2218492Z GOPATH='/home/runner/go'
2025-07-18T13:59:14.2218743Z GOPRIVATE=''
2025-07-18T13:59:14.2219038Z GOPROXY='https://proxy.golang.org,direct'
2025-07-18T13:59:14.2219411Z GOROOT='/opt/hostedtoolcache/go/1.24.4/x64'
2025-07-18T13:59:14.2219718Z GOSUMDB='sum.golang.org'
2025-07-18T13:59:14.2219974Z GOTELEMETRY='local'
2025-07-18T13:59:14.2220265Z GOTELEMETRYDIR='/home/runner/.config/go/telemetry'
2025-07-18T13:59:14.2220586Z GOTMPDIR=''
2025-07-18T13:59:14.2220800Z GOTOOLCHAIN='auto'
2025-07-18T13:59:14.2221148Z GOTOOLDIR='/opt/hostedtoolcache/go/1.24.4/x64/pkg/tool/linux_amd64'
2025-07-18T13:59:14.2221519Z GOVCS=''
2025-07-18T13:59:14.2221733Z GOVERSION='go1.24.4'
2025-07-18T13:59:14.2221969Z GOWORK=''
2025-07-18T13:59:14.2222474Z PKG_CONFIG='pkg-config'
2025-07-18T13:59:14.2222666Z 
2025-07-18T13:59:14.2222981Z ##[endgroup]
2025-07-18T13:59:14.2358394Z ##[group]Run # Install Podman
2025-07-18T13:59:14.2358987Z [36;1m# Install Podman[0m
2025-07-18T13:59:14.2359271Z [36;1msudo apt-get update[0m
2025-07-18T13:59:14.2359572Z [36;1msudo apt-get install -y podman[0m
2025-07-18T13:59:14.2359869Z [36;1m[0m
2025-07-18T13:59:14.2360079Z [36;1m# Verify installation[0m
2025-07-18T13:59:14.2360346Z [36;1mpodman --version[0m
2025-07-18T13:59:14.2394726Z shell: /usr/bin/bash -e {0}
2025-07-18T13:59:14.2395034Z ##[endgroup]
2025-07-18T13:59:14.3121088Z Get:1 file:/etc/apt/apt-mirrors.txt Mirrorlist [144 B]
2025-07-18T13:59:14.3452865Z Hit:2 http://azure.archive.ubuntu.com/ubuntu noble InRelease
2025-07-18T13:59:14.3471164Z Get:3 http://azure.archive.ubuntu.com/ubuntu noble-updates InRelease [126 kB]
2025-07-18T13:59:14.3553457Z Get:4 http://azure.archive.ubuntu.com/ubuntu noble-backports InRelease [126 kB]
2025-07-18T13:59:14.3569499Z Get:5 http://azure.archive.ubuntu.com/ubuntu noble-security InRelease [126 kB]
2025-07-18T13:59:14.3617589Z Hit:6 https://packages.microsoft.com/repos/azure-cli noble InRelease
2025-07-18T13:59:14.3758767Z Get:7 https://packages.microsoft.com/ubuntu/24.04/prod noble InRelease [3600 B]
2025-07-18T13:59:14.4610190Z Get:8 http://azure.archive.ubuntu.com/ubuntu noble-updates/main amd64 Packages [1269 kB]
2025-07-18T13:59:14.4742497Z Get:9 http://azure.archive.ubuntu.com/ubuntu noble-updates/main Translation-en [258 kB]
2025-07-18T13:59:14.4766873Z Get:10 http://azure.archive.ubuntu.com/ubuntu noble-updates/main amd64 Components [163 kB]
2025-07-18T13:59:14.4786747Z Get:11 http://azure.archive.ubuntu.com/ubuntu noble-updates/universe amd64 Packages [1111 kB]
2025-07-18T13:59:14.4860035Z Get:12 http://azure.archive.ubuntu.com/ubuntu noble-updates/universe Translation-en [284 kB]
2025-07-18T13:59:14.4887405Z Get:13 http://azure.archive.ubuntu.com/ubuntu noble-updates/universe amd64 Components [377 kB]
2025-07-18T13:59:14.4914920Z Get:14 http://azure.archive.ubuntu.com/ubuntu noble-updates/restricted amd64 Packages [1533 kB]
2025-07-18T13:59:14.5012345Z Get:15 http://azure.archive.ubuntu.com/ubuntu noble-updates/restricted Translation-en [330 kB]
2025-07-18T13:59:14.5046339Z Get:16 http://azure.archive.ubuntu.com/ubuntu noble-updates/restricted amd64 Components [212 B]
2025-07-18T13:59:14.5053954Z Get:17 http://azure.archive.ubuntu.com/ubuntu noble-updates/multiverse amd64 Packages [33.2 kB]
2025-07-18T13:59:14.5484202Z Get:18 http://azure.archive.ubuntu.com/ubuntu noble-updates/multiverse Translation-en [6772 B]
2025-07-18T13:59:14.5491424Z Get:19 http://azure.archive.ubuntu.com/ubuntu noble-updates/multiverse amd64 Components [940 B]
2025-07-18T13:59:14.5501263Z Get:20 http://azure.archive.ubuntu.com/ubuntu noble-backports/main amd64 Components [7084 B]
2025-07-18T13:59:14.5515245Z Get:21 http://azure.archive.ubuntu.com/ubuntu noble-backports/universe amd64 Components [28.3 kB]
2025-07-18T13:59:14.5525538Z Get:22 http://azure.archive.ubuntu.com/ubuntu noble-backports/restricted amd64 Components [216 B]
2025-07-18T13:59:14.5530448Z Get:23 http://azure.archive.ubuntu.com/ubuntu noble-backports/multiverse amd64 Components [212 B]
2025-07-18T13:59:14.5607083Z Get:24 http://azure.archive.ubuntu.com/ubuntu noble-security/main amd64 Packages [1009 kB]
2025-07-18T13:59:14.5673135Z Get:25 http://azure.archive.ubuntu.com/ubuntu noble-security/main Translation-en [178 kB]
2025-07-18T13:59:14.5786693Z Get:26 http://azure.archive.ubuntu.com/ubuntu noble-security/main amd64 Components [21.6 kB]
2025-07-18T13:59:14.5845588Z Get:27 http://azure.archive.ubuntu.com/ubuntu noble-security/universe amd64 Packages [873 kB]
2025-07-18T13:59:14.5846826Z Get:28 http://azure.archive.ubuntu.com/ubuntu noble-security/universe Translation-en [192 kB]
2025-07-18T13:59:14.5856732Z Get:29 http://azure.archive.ubuntu.com/ubuntu noble-security/universe amd64 Components [52.3 kB]
2025-07-18T13:59:14.5858399Z Get:30 http://azure.archive.ubuntu.com/ubuntu noble-security/restricted amd64 Packages [1436 kB]
2025-07-18T13:59:14.5896107Z Get:31 http://azure.archive.ubuntu.com/ubuntu noble-security/restricted Translation-en [311 kB]
2025-07-18T13:59:14.6356841Z Get:32 http://azure.archive.ubuntu.com/ubuntu noble-security/restricted amd64 Components [212 B]
2025-07-18T13:59:14.6367223Z Get:33 http://azure.archive.ubuntu.com/ubuntu noble-security/multiverse amd64 Components [212 B]
2025-07-18T13:59:14.6544680Z Get:34 https://packages.microsoft.com/ubuntu/24.04/prod noble/main arm64 Packages [27.0 kB]
2025-07-18T13:59:14.6728539Z Get:35 https://packages.microsoft.com/ubuntu/24.04/prod noble/main amd64 Packages [40.8 kB]
2025-07-18T13:59:14.6772711Z Get:36 https://packages.microsoft.com/ubuntu/24.04/prod noble/main armhf Packages [9349 B]
2025-07-18T13:59:20.8906003Z Fetched 9934 kB in 1s (8525 kB/s)
2025-07-18T13:59:21.5370949Z Reading package lists...
2025-07-18T13:59:21.5689279Z Reading package lists...
2025-07-18T13:59:21.7098355Z Building dependency tree...
2025-07-18T13:59:21.7106390Z Reading state information...
2025-07-18T13:59:21.8665575Z podman is already the newest version (4.9.3+ds1-1ubuntu0.2).
2025-07-18T13:59:21.8666138Z 0 upgraded, 0 newly installed, 0 to remove and 88 not upgraded.
2025-07-18T13:59:21.8828723Z podman version 4.9.3
2025-07-18T13:59:21.8887589Z ##[group]Run # Enable user namespaces
2025-07-18T13:59:21.8888276Z [36;1m# Enable user namespaces[0m
2025-07-18T13:59:21.8888914Z [36;1mecho 'kernel.unprivileged_userns_clone=1' | sudo tee -a /etc/sysctl.conf[0m
2025-07-18T13:59:21.8889558Z [36;1msudo sysctl -p[0m
2025-07-18T13:59:21.8889899Z [36;1m[0m
2025-07-18T13:59:21.8890252Z [36;1m# Configure subuid/subgid for the runner user[0m
2025-07-18T13:59:21.8890807Z [36;1msudo usermod --add-subuids 100000-165535 $USER[0m
2025-07-18T13:59:21.8891358Z [36;1msudo usermod --add-subgids 100000-165535 $USER[0m
2025-07-18T13:59:21.8891793Z [36;1m[0m
2025-07-18T13:59:21.8892115Z [36;1m# Create podman configuration directory[0m
2025-07-18T13:59:21.8892594Z [36;1mmkdir -p ~/.config/containers[0m
2025-07-18T13:59:21.8892997Z [36;1m[0m
2025-07-18T13:59:21.8893305Z [36;1m# Configure podman for rootless operation[0m
2025-07-18T13:59:21.8893675Z [36;1mcat > ~/.config/containers/containers.conf << EOF[0m
2025-07-18T13:59:21.8894013Z [36;1m[engine][0m
2025-07-18T13:59:21.8894219Z [36;1mactive_service = "podman"[0m
2025-07-18T13:59:21.8894449Z [36;1m[0m
2025-07-18T13:59:21.8894635Z [36;1m[engine.service_destinations][0m
2025-07-18T13:59:21.8894915Z [36;1m[engine.service_destinations.podman][0m
2025-07-18T13:59:21.8895247Z [36;1muri = "unix:///run/user/\${UID}/podman/podman.sock"[0m
2025-07-18T13:59:21.8895528Z [36;1m[0m
2025-07-18T13:59:21.8895816Z [36;1m[engine.service_destinations.podman.connection_timeout_seconds][0m
2025-07-18T13:59:21.8896188Z [36;1muri = 20[0m
2025-07-18T13:59:21.8896367Z [36;1m[0m
2025-07-18T13:59:21.8896621Z [36;1m[engine.service_destinations.podman.connection_override][0m
2025-07-18T13:59:21.8896998Z [36;1muri = "unix:///run/user/\${UID}/podman/podman.sock"[0m
2025-07-18T13:59:21.8897284Z [36;1mEOF[0m
2025-07-18T13:59:21.8926656Z shell: /usr/bin/bash -e {0}
2025-07-18T13:59:21.8926916Z ##[endgroup]
2025-07-18T13:59:21.9040542Z kernel.unprivileged_userns_clone=1
2025-07-18T13:59:21.9129469Z vm.max_map_count = 262144
2025-07-18T13:59:21.9129825Z fs.inotify.max_user_watches = 655360
2025-07-18T13:59:21.9130108Z fs.inotify.max_user_instances = 1280
2025-07-18T13:59:21.9130565Z vm.mmap_rnd_bits = 28
2025-07-18T13:59:21.9130981Z kernel.unprivileged_userns_clone = 1
2025-07-18T13:59:21.9768756Z ##[group]Run # Generate SSH key without passphrase
2025-07-18T13:59:21.9769160Z [36;1m# Generate SSH key without passphrase[0m
2025-07-18T13:59:21.9769560Z [36;1mssh-keygen -t ed25519 -f ~/.ssh/id_ed25519 -N "" -C "github-actions@spooky"[0m
2025-07-18T13:59:21.9769910Z [36;1m[0m
2025-07-18T13:59:21.9770093Z [36;1m# Set proper permissions[0m
2025-07-18T13:59:21.9770329Z [36;1mchmod 600 ~/.ssh/id_ed25519[0m
2025-07-18T13:59:21.9770580Z [36;1mchmod 644 ~/.ssh/id_ed25519.pub[0m
2025-07-18T13:59:21.9770810Z [36;1m[0m
2025-07-18T13:59:21.9770981Z [36;1m# Add to SSH agent[0m
2025-07-18T13:59:21.9771451Z [36;1meval $(ssh-agent -s)[0m
2025-07-18T13:59:21.9771679Z [36;1mssh-add ~/.ssh/id_ed25519[0m
2025-07-18T13:59:21.9771894Z [36;1m[0m
2025-07-18T13:59:21.9772077Z [36;1m# Display public key for debugging[0m
2025-07-18T13:59:21.9772340Z [36;1mecho "Generated SSH public key:"[0m
2025-07-18T13:59:21.9772586Z [36;1mcat ~/.ssh/id_ed25519.pub[0m
2025-07-18T13:59:21.9799136Z shell: /usr/bin/bash -e {0}
2025-07-18T13:59:21.9799370Z ##[endgroup]
2025-07-18T13:59:21.9877278Z Created directory '/home/runner/.ssh'.
2025-07-18T13:59:21.9880120Z Generating public/private ed25519 key pair.
2025-07-18T13:59:21.9880790Z Your identification has been saved in /home/runner/.ssh/id_ed25519
2025-07-18T13:59:21.9881247Z Your public key has been saved in /home/runner/.ssh/id_ed25519.pub
2025-07-18T13:59:21.9881599Z The key fingerprint is:
2025-07-18T13:59:21.9882067Z SHA256:EV+N4i4WdL4hjzb9JleJRBUUN7Lj/n3k+8ZaKyO3imE github-actions@spooky
2025-07-18T13:59:21.9882779Z The key's randomart image is:
2025-07-18T13:59:21.9883186Z +--[ED25519 256]--+
2025-07-18T13:59:21.9883515Z |        .   .*=+.|
2025-07-18T13:59:21.9883820Z |        .oo.o +..|
2025-07-18T13:59:21.9884138Z |       ..+.o o   |
2025-07-18T13:59:21.9884444Z |        o.+ o .  |
2025-07-18T13:59:21.9884676Z |        SB + o . |
2025-07-18T13:59:21.9884853Z |        * = o o .|
2025-07-18T13:59:21.9885037Z |       o E . o +.|
2025-07-18T13:59:21.9885248Z |        . +.++..B|
2025-07-18T13:59:21.9885422Z |         . =+.=**|
2025-07-18T13:59:21.9885591Z +----[SHA256]-----+
2025-07-18T13:59:22.0163182Z Agent pid 2534
2025-07-18T13:59:22.0321583Z Identity added: /home/runner/.ssh/id_ed25519 (github-actions@spooky)
2025-07-18T13:59:22.0325346Z Generated SSH public key:
2025-07-18T13:59:22.0341694Z ssh-ed25519 AAAAC3NzaC1lZDI1NTE5AAAAIOfXgtsGTK6jOD5AeYWpWZCmLnW6piJ6LnmUFELw9iYg github-actions@spooky
2025-07-18T13:59:22.0371799Z ##[group]Run # Create a Dockerfile for SSH-enabled Debian
2025-07-18T13:59:22.0372223Z [36;1m# Create a Dockerfile for SSH-enabled Debian[0m
2025-07-18T13:59:22.0372531Z [36;1mcat > Dockerfile.ssh << 'EOF'[0m
2025-07-18T13:59:22.0372775Z [36;1mFROM debian:12-slim[0m
2025-07-18T13:59:22.0372984Z [36;1m[0m
2025-07-18T13:59:22.0373204Z [36;1m# Install SSH server and required packages[0m
2025-07-18T13:59:22.0373525Z [36;1mRUN apt-get update && apt-get install -y \[0m
2025-07-18T13:59:22.0373802Z [36;1m    openssh-server \[0m
2025-07-18T13:59:22.0374014Z [36;1m    sudo \[0m
2025-07-18T13:59:22.0374197Z [36;1m    curl \[0m
2025-07-18T13:59:22.0374366Z [36;1m    wget \[0m
2025-07-18T13:59:22.0374539Z [36;1m    vim \[0m
2025-07-18T13:59:22.0374746Z [36;1m    && rm -rf /var/lib/apt/lists/*[0m
2025-07-18T13:59:22.0374979Z [36;1m[0m
2025-07-18T13:59:22.0375154Z [36;1m# Create SSH directory[0m
2025-07-18T13:59:22.0375397Z [36;1mRUN mkdir -p /var/run/sshd[0m
2025-07-18T13:59:22.0375667Z [36;1m[0m
2025-07-18T13:59:22.0375834Z [36;1m# Create test user[0m
2025-07-18T13:59:22.0376087Z [36;1mRUN useradd -m -s /bin/bash testuser && \[0m
2025-07-18T13:59:22.0376432Z [36;1m    echo "testuser ALL=(ALL) NOPASSWD:ALL" >> /etc/sudoers[0m
2025-07-18T13:59:22.0376727Z [36;1m[0m
2025-07-18T13:59:22.0376910Z [36;1m# Create .ssh directory for testuser[0m
2025-07-18T13:59:22.0377189Z [36;1mRUN mkdir -p /home/testuser/.ssh && \[0m
2025-07-18T13:59:22.0377497Z [36;1m    chown testuser:testuser /home/testuser/.ssh && \[0m
2025-07-18T13:59:22.0377794Z [36;1m    chmod 700 /home/testuser/.ssh[0m
2025-07-18T13:59:22.0378024Z [36;1m[0m
2025-07-18T13:59:22.0378432Z [36;1m# Copy SSH public key[0m
2025-07-18T13:59:22.0378719Z [36;1mCOPY id_ed25519.pub /home/testuser/.ssh/authorized_keys[0m
2025-07-18T13:59:22.0379123Z [36;1mRUN chown testuser:testuser /home/testuser/.ssh/authorized_keys && \[0m
2025-07-18T13:59:22.0379516Z [36;1m    chmod 600 /home/testuser/.ssh/authorized_keys[0m
2025-07-18T13:59:22.0379780Z [36;1m[0m
2025-07-18T13:59:22.0379938Z [36;1m# Configure SSH[0m
2025-07-18T13:59:22.0380539Z [36;1mRUN sed -i 's/#PermitRootLogin prohibit-password/PermitRootLogin no/' /etc/ssh/sshd_config && \[0m
2025-07-18T13:59:22.0381155Z [36;1m    sed -i 's/#PubkeyAuthentication yes/PubkeyAuthentication yes/' /etc/ssh/sshd_config && \[0m
2025-07-18T13:59:22.0381781Z [36;1m    sed -i 's/#PasswordAuthentication yes/PasswordAuthentication no/' /etc/ssh/sshd_config && \[0m
2025-07-18T13:59:22.0382308Z [36;1m    sed -i 's/#AuthorizedKeysFile/AuthorizedKeysFile/' /etc/ssh/sshd_config[0m
2025-07-18T13:59:22.0382650Z [36;1m[0m
2025-07-18T13:59:22.0382820Z [36;1m# Expose SSH port[0m
2025-07-18T13:59:22.0383022Z [36;1mEXPOSE 22[0m
2025-07-18T13:59:22.0383200Z [36;1m[0m
2025-07-18T13:59:22.0383364Z [36;1m# Start SSH daemon[0m
2025-07-18T13:59:22.0383574Z [36;1mCMD ["/usr/sbin/sshd", "-D"][0m
2025-07-18T13:59:22.0383803Z [36;1mEOF[0m
2025-07-18T13:59:22.0383974Z [36;1m[0m
2025-07-18T13:59:22.0384165Z [36;1m# Copy SSH public key to build context[0m
2025-07-18T13:59:22.0384428Z [36;1mcp ~/.ssh/id_ed25519.pub .[0m
2025-07-18T13:59:22.0384654Z [36;1m[0m
2025-07-18T13:59:22.0384827Z [36;1m# Build the SSH-enabled image[0m
2025-07-18T13:59:22.0385128Z [36;1mpodman build -f Dockerfile.ssh -t spooky-test-ssh .[0m
2025-07-18T13:59:22.0385416Z [36;1m[0m
2025-07-18T13:59:22.0385585Z [36;1m# Verify image was created[0m
2025-07-18T13:59:22.0385807Z [36;1mpodman images[0m
2025-07-18T13:59:22.0412145Z shell: /usr/bin/bash -e {0}
2025-07-18T13:59:22.0412377Z ##[endgroup]
2025-07-18T13:59:23.1090896Z STEP 1/10: FROM debian:12-slim
2025-07-18T13:59:23.1143950Z Resolved "debian" as an alias (/etc/containers/registries.conf.d/shortnames.conf)
2025-07-18T13:59:23.1144704Z Trying to pull docker.io/library/debian:12-slim...
2025-07-18T13:59:23.4674911Z Getting image source signatures
2025-07-18T13:59:23.4678731Z Copying blob sha256:3da95a905ed546f99c4564407923a681757d89651a388ec3f1f5e9bf5ed0b39d
2025-07-18T13:59:24.7623472Z Copying config sha256:19e789b9b50ff2afaab1edbebaa71a10849486d1f98bf3e0356182973c944e14
2025-07-18T13:59:24.7642783Z Writing manifest to image destination
2025-07-18T13:59:24.7832085Z STEP 2/10: RUN apt-get update && apt-get install -y     openssh-server     sudo     curl     wget     vim     && rm -rf /var/lib/apt/lists/*
2025-07-18T13:59:24.9915284Z Get:1 http://deb.debian.org/debian bookworm InRelease [151 kB]
2025-07-18T13:59:25.0087788Z Get:2 http://deb.debian.org/debian bookworm-updates InRelease [55.4 kB]
2025-07-18T13:59:25.0151639Z Get:3 http://deb.debian.org/debian-security bookworm-security InRelease [48.0 kB]
2025-07-18T13:59:25.0652875Z Get:4 http://deb.debian.org/debian bookworm/main amd64 Packages [8793 kB]
2025-07-18T13:59:25.1251495Z Get:5 http://deb.debian.org/debian bookworm-updates/main amd64 Packages [756 B]
2025-07-18T13:59:25.1566743Z Get:6 http://deb.debian.org/debian-security bookworm-security/main amd64 Packages [272 kB]
2025-07-18T13:59:25.8724821Z Fetched 9320 kB in 1s (10.4 MB/s)
2025-07-18T13:59:26.2370113Z Reading package lists...
2025-07-18T13:59:26.6154999Z Reading package lists...
2025-07-18T13:59:26.7051662Z Building dependency tree...
2025-07-18T13:59:26.7052103Z Reading state information...
2025-07-18T13:59:26.7919850Z The following additional packages will be installed:
2025-07-18T13:59:26.7920673Z   ca-certificates dbus dbus-bin dbus-daemon dbus-session-bus-common
2025-07-18T13:59:26.7921579Z   dbus-system-bus-common dbus-user-session dmsetup krb5-locales libapparmor1
2025-07-18T13:59:26.7924213Z   libargon2-1 libbrotli1 libbsd0 libcbor0.8 libcryptsetup12 libcurl4
2025-07-18T13:59:26.7925079Z   libdbus-1-3 libdevmapper1.02.1 libedit2 libexpat1 libfdisk1 libfido2-1
2025-07-18T13:59:26.7926052Z   libgpm2 libgssapi-krb5-2 libip4tc2 libjson-c5 libk5crypto3 libkeyutils1
2025-07-18T13:59:26.7926949Z   libkmod2 libkrb5-3 libkrb5support0 libldap-2.5-0 libldap-common libncursesw6
2025-07-18T13:59:26.7927923Z   libnghttp2-14 libnsl2 libnss-systemd libpam-systemd libproc2-0 libpsl5
2025-07-18T13:59:26.7929005Z   librtmp1 libsasl2-2 libsasl2-modules libsasl2-modules-db libsodium23
2025-07-18T13:59:26.7930256Z   libssh2-1 libssl3 libsystemd-shared libtirpc-common libtirpc3 libwrap0
2025-07-18T13:59:26.7931068Z   libx11-6 libx11-data libxau6 libxcb1 libxdmcp6 libxext6 libxmuu1
2025-07-18T13:59:26.7931834Z   ncurses-term openssh-client openssh-sftp-server openssl procps psmisc
2025-07-18T13:59:26.7932630Z   publicsuffix runit-helper sensible-utils systemd systemd-sysv
2025-07-18T13:59:26.7933353Z   systemd-timesyncd ucf vim-common vim-runtime xauth xxd
2025-07-18T13:59:26.7933898Z Suggested packages:
2025-07-18T13:59:26.7934376Z   gpm krb5-doc krb5-user libsasl2-modules-gssapi-mit
2025-07-18T13:59:26.7935184Z   | libsasl2-modules-gssapi-heimdal libsasl2-modules-ldap libsasl2-modules-otp
2025-07-18T13:59:26.7936102Z   libsasl2-modules-sql keychain libpam-ssh monkeysphere ssh-askpass
2025-07-18T13:59:26.7936999Z   molly-guard ufw systemd-container systemd-homed systemd-userdbd systemd-boot
2025-07-18T13:59:26.7937943Z   systemd-resolved libqrencode4 libtss2-esys-3.0.2-0 libtss2-mu0 libtss2-rc0
2025-07-18T13:59:26.7938923Z   polkitd | policykit-1 ctags vim-doc vim-scripts
2025-07-18T13:59:27.1327131Z The following NEW packages will be installed:
2025-07-18T13:59:27.1327894Z   ca-certificates curl dbus dbus-bin dbus-daemon dbus-session-bus-common
2025-07-18T13:59:27.1328953Z   dbus-system-bus-common dbus-user-session dmsetup krb5-locales libapparmor1
2025-07-18T13:59:27.1329795Z   libargon2-1 libbrotli1 libbsd0 libcbor0.8 libcryptsetup12 libcurl4
2025-07-18T13:59:27.1330608Z   libdbus-1-3 libdevmapper1.02.1 libedit2 libexpat1 libfdisk1 libfido2-1
2025-07-18T13:59:27.1331471Z   libgpm2 libgssapi-krb5-2 libip4tc2 libjson-c5 libk5crypto3 libkeyutils1
2025-07-18T13:59:27.1332325Z   libkmod2 libkrb5-3 libkrb5support0 libldap-2.5-0 libldap-common libncursesw6
2025-07-18T13:59:27.1333668Z   libnghttp2-14 libnsl2 libnss-systemd libpam-systemd libproc2-0 libpsl5
2025-07-18T13:59:27.1334496Z   librtmp1 libsasl2-2 libsasl2-modules libsasl2-modules-db libsodium23
2025-07-18T13:59:27.1335330Z   libssh2-1 libssl3 libsystemd-shared libtirpc-common libtirpc3 libwrap0
2025-07-18T13:59:27.1336153Z   libx11-6 libx11-data libxau6 libxcb1 libxdmcp6 libxext6 libxmuu1
2025-07-18T13:59:27.1336970Z   ncurses-term openssh-client openssh-server openssh-sftp-server openssl
2025-07-18T13:59:27.1337799Z   procps psmisc publicsuffix runit-helper sensible-utils sudo systemd
2025-07-18T13:59:27.1338842Z   systemd-sysv systemd-timesyncd ucf vim vim-common vim-runtime wget xauth xxd
2025-07-18T13:59:27.1589613Z 0 upgraded, 80 newly installed, 0 to remove and 1 not upgraded.
2025-07-18T13:59:27.1590135Z Need to get 30.0 MB of archives.
2025-07-18T13:59:27.1590617Z After this operation, 110 MB of additional disk space will be used.
2025-07-18T13:59:27.1591359Z Get:1 http://deb.debian.org/debian bookworm/main amd64 libssl3 amd64 3.0.16-1~deb12u1 [2026 kB]
2025-07-18T13:59:27.1936931Z Get:2 http://deb.debian.org/debian bookworm/main amd64 libargon2-1 amd64 0~20171227-0.3+deb12u1 [19.4 kB]
2025-07-18T13:59:27.1942779Z Get:3 http://deb.debian.org/debian bookworm/main amd64 dmsetup amd64 2:1.02.185-2 [82.0 kB]
2025-07-18T13:59:27.1946830Z Get:4 http://deb.debian.org/debian bookworm/main amd64 libdevmapper1.02.1 amd64 2:1.02.185-2 [133 kB]
2025-07-18T13:59:27.1955266Z Get:5 http://deb.debian.org/debian bookworm/main amd64 libjson-c5 amd64 0.16-2 [44.1 kB]
2025-07-18T13:59:27.1959257Z Get:6 http://deb.debian.org/debian bookworm/main amd64 libcryptsetup12 amd64 2:2.6.1-4~deb12u2 [223 kB]
2025-07-18T13:59:27.1969828Z Get:7 http://deb.debian.org/debian bookworm/main amd64 libfdisk1 amd64 2.38.1-5+deb12u3 [194 kB]
2025-07-18T13:59:27.1978843Z Get:8 http://deb.debian.org/debian bookworm/main amd64 libkmod2 amd64 30+20221128-1 [57.9 kB]
2025-07-18T13:59:27.1982919Z Get:9 http://deb.debian.org/debian bookworm/main amd64 libapparmor1 amd64 3.0.8-3 [41.2 kB]
2025-07-18T13:59:27.1986905Z Get:10 http://deb.debian.org/debian bookworm/main amd64 libip4tc2 amd64 1.8.9-2 [19.0 kB]
2025-07-18T13:59:27.1990767Z Get:11 http://deb.debian.org/debian-security bookworm-security/main amd64 libsystemd-shared amd64 252.38-1~deb12u1 [1695 kB]
2025-07-18T13:59:27.2025275Z Get:12 http://deb.debian.org/debian-security bookworm-security/main amd64 systemd amd64 252.38-1~deb12u1 [3043 kB]
2025-07-18T13:59:27.2115637Z Get:13 http://deb.debian.org/debian-security bookworm-security/main amd64 systemd-sysv amd64 252.38-1~deb12u1 [42.6 kB]
2025-07-18T13:59:27.2120306Z Get:14 http://deb.debian.org/debian bookworm/main amd64 libdbus-1-3 amd64 1.14.10-1~deb12u1 [201 kB]
2025-07-18T13:59:27.2129907Z Get:15 http://deb.debian.org/debian bookworm/main amd64 dbus-bin amd64 1.14.10-1~deb12u1 [105 kB]
2025-07-18T13:59:27.2135766Z Get:16 http://deb.debian.org/debian bookworm/main amd64 dbus-session-bus-common all 1.14.10-1~deb12u1 [78.2 kB]
2025-07-18T13:59:27.2140500Z Get:17 http://deb.debian.org/debian bookworm/main amd64 libexpat1 amd64 2.5.0-1+deb12u1 [98.9 kB]
2025-07-18T13:59:27.2145545Z Get:18 http://deb.debian.org/debian bookworm/main amd64 dbus-daemon amd64 1.14.10-1~deb12u1 [184 kB]
2025-07-18T13:59:27.2154198Z Get:19 http://deb.debian.org/debian bookworm/main amd64 dbus-system-bus-common all 1.14.10-1~deb12u1 [79.3 kB]
2025-07-18T13:59:27.2159005Z Get:20 http://deb.debian.org/debian bookworm/main amd64 dbus amd64 1.14.10-1~deb12u1 [97.4 kB]
2025-07-18T13:59:27.2165002Z Get:21 http://deb.debian.org/debian bookworm/main amd64 libbsd0 amd64 0.11.7-2 [117 kB]
2025-07-18T13:59:27.2177971Z Get:22 http://deb.debian.org/debian bookworm/main amd64 libedit2 amd64 3.1-20221030-2 [93.0 kB]
2025-07-18T13:59:27.2183979Z Get:23 http://deb.debian.org/debian bookworm/main amd64 libcbor0.8 amd64 0.8.0-2+b1 [27.4 kB]
2025-07-18T13:59:27.2191874Z Get:24 http://deb.debian.org/debian bookworm/main amd64 libfido2-1 amd64 1.12.0-2+b1 [77.2 kB]
2025-07-18T13:59:27.2218629Z Get:25 http://deb.debian.org/debian bookworm/main amd64 libkrb5support0 amd64 1.20.1-2+deb12u3 [32.8 kB]
2025-07-18T13:59:27.2223288Z Get:26 http://deb.debian.org/debian bookworm/main amd64 libk5crypto3 amd64 1.20.1-2+deb12u3 [78.9 kB]
2025-07-18T13:59:27.2229945Z Get:27 http://deb.debian.org/debian bookworm/main amd64 libkeyutils1 amd64 1.6.3-2 [8808 B]
2025-07-18T13:59:27.2233178Z Get:28 http://deb.debian.org/debian bookworm/main amd64 libkrb5-3 amd64 1.20.1-2+deb12u3 [332 kB]
2025-07-18T13:59:27.2249170Z Get:29 http://deb.debian.org/debian bookworm/main amd64 libgssapi-krb5-2 amd64 1.20.1-2+deb12u3 [135 kB]
2025-07-18T13:59:27.2255478Z Get:30 http://deb.debian.org/debian bookworm/main amd64 openssh-client amd64 1:9.2p1-2+deb12u6 [992 kB]
2025-07-18T13:59:27.2296759Z Get:31 http://deb.debian.org/debian bookworm/main amd64 openssh-sftp-server amd64 1:9.2p1-2+deb12u6 [65.8 kB]
2025-07-18T13:59:27.2301442Z Get:32 http://deb.debian.org/debian bookworm/main amd64 libncursesw6 amd64 6.4-4 [134 kB]
2025-07-18T13:59:27.2309173Z Get:33 http://deb.debian.org/debian bookworm/main amd64 libproc2-0 amd64 2:4.0.2-3 [62.8 kB]
2025-07-18T13:59:27.2313541Z Get:34 http://deb.debian.org/debian bookworm/main amd64 procps amd64 2:4.0.2-3 [709 kB]
2025-07-18T13:59:27.2340392Z Get:35 http://deb.debian.org/debian bookworm/main amd64 sensible-utils all 0.0.17+nmu1 [19.0 kB]
2025-07-18T13:59:27.2343292Z Get:36 http://deb.debian.org/debian bookworm/main amd64 ucf all 3.0043+nmu1+deb12u1 [55.3 kB]
2025-07-18T13:59:27.2348512Z Get:37 http://deb.debian.org/debian bookworm/main amd64 runit-helper all 2.15.2 [6520 B]
2025-07-18T13:59:27.2350640Z Get:38 http://deb.debian.org/debian bookworm/main amd64 libtirpc-common all 1.3.3+ds-1 [14.0 kB]
2025-07-18T13:59:27.2353681Z Get:39 http://deb.debian.org/debian bookworm/main amd64 libtirpc3 amd64 1.3.3+ds-1 [85.2 kB]
2025-07-18T13:59:27.2359790Z Get:40 http://deb.debian.org/debian bookworm/main amd64 libnsl2 amd64 1.3.0-2 [39.5 kB]
2025-07-18T13:59:27.2364527Z Get:41 http://deb.debian.org/debian bookworm/main amd64 libwrap0 amd64 7.6.q-32 [54.9 kB]
2025-07-18T13:59:27.2376020Z Get:42 http://deb.debian.org/debian bookworm/main amd64 openssh-server amd64 1:9.2p1-2+deb12u6 [457 kB]
2025-07-18T13:59:27.2407262Z Get:43 http://deb.debian.org/debian-security bookworm-security/main amd64 sudo amd64 1.9.13p3-1+deb12u2 [1890 kB]
2025-07-18T13:59:27.2488018Z Get:44 http://deb.debian.org/debian bookworm/main amd64 vim-common all 2:9.0.1378-2+deb12u2 [125 kB]
2025-07-18T13:59:27.2497959Z Get:45 http://deb.debian.org/debian bookworm/main amd64 openssl amd64 3.0.16-1~deb12u1 [1427 kB]
2025-07-18T13:59:27.2567831Z Get:46 http://deb.debian.org/debian bookworm-updates/main amd64 ca-certificates all 20230311+deb12u1 [155 kB]
2025-07-18T13:59:27.2573890Z Get:47 http://deb.debian.org/debian bookworm/main amd64 krb5-locales all 1.20.1-2+deb12u3 [63.1 kB]
2025-07-18T13:59:27.2579213Z Get:48 http://deb.debian.org/debian-security bookworm-security/main amd64 libnss-systemd amd64 252.38-1~deb12u1 [164 kB]
2025-07-18T13:59:27.2584952Z Get:49 http://deb.debian.org/debian-security bookworm-security/main amd64 libpam-systemd amd64 252.38-1~deb12u1 [225 kB]
2025-07-18T13:59:27.2592566Z Get:50 http://deb.debian.org/debian bookworm/main amd64 ncurses-term all 6.4-4 [501 kB]
2025-07-18T13:59:27.2619097Z Get:51 http://deb.debian.org/debian-security bookworm-security/main amd64 systemd-timesyncd amd64 252.38-1~deb12u1 [63.6 kB]
2025-07-18T13:59:27.2625113Z Get:52 http://deb.debian.org/debian bookworm/main amd64 libpsl5 amd64 0.21.2-1 [58.7 kB]
2025-07-18T13:59:27.2631782Z Get:53 http://deb.debian.org/debian bookworm/main amd64 wget amd64 1.21.3-1+deb12u1 [937 kB]
2025-07-18T13:59:27.2671855Z Get:54 http://deb.debian.org/debian bookworm/main amd64 libbrotli1 amd64 1.0.9-2+b6 [275 kB]
2025-07-18T13:59:27.2685083Z Get:55 http://deb.debian.org/debian bookworm/main amd64 libsasl2-modules-db amd64 2.1.28+dfsg-10 [20.3 kB]
2025-07-18T13:59:27.2691942Z Get:56 http://deb.debian.org/debian bookworm/main amd64 libsasl2-2 amd64 2.1.28+dfsg-10 [59.7 kB]
2025-07-18T13:59:27.2695632Z Get:57 http://deb.debian.org/debian bookworm/main amd64 libldap-2.5-0 amd64 2.5.13+dfsg-5 [183 kB]
2025-07-18T13:59:27.2712055Z Get:58 http://deb.debian.org/debian bookworm/main amd64 libnghttp2-14 amd64 1.52.0-1+deb12u2 [73.0 kB]
2025-07-18T13:59:27.2717548Z Get:59 http://deb.debian.org/debian bookworm/main amd64 librtmp1 amd64 2.4+20151223.gitfa8646d.1-2+b2 [60.8 kB]
2025-07-18T13:59:27.2722814Z Get:60 http://deb.debian.org/debian bookworm/main amd64 libssh2-1 amd64 1.10.0-3+b1 [179 kB]
2025-07-18T13:59:27.2731626Z Get:61 http://deb.debian.org/debian bookworm/main amd64 libcurl4 amd64 7.88.1-10+deb12u12 [391 kB]
2025-07-18T13:59:27.2749306Z Get:62 http://deb.debian.org/debian bookworm/main amd64 curl amd64 7.88.1-10+deb12u12 [315 kB]
2025-07-18T13:59:27.2762005Z Get:63 http://deb.debian.org/debian bookworm/main amd64 dbus-user-session amd64 1.14.10-1~deb12u1 [78.1 kB]
2025-07-18T13:59:27.2767846Z Get:64 http://deb.debian.org/debian bookworm/main amd64 libgpm2 amd64 1.20.7-10+b1 [14.2 kB]
2025-07-18T13:59:27.2772245Z Get:65 http://deb.debian.org/debian bookworm/main amd64 libldap-common all 2.5.13+dfsg-5 [29.3 kB]
2025-07-18T13:59:27.2776078Z Get:66 http://deb.debian.org/debian bookworm/main amd64 libsasl2-modules amd64 2.1.28+dfsg-10 [66.6 kB]
2025-07-18T13:59:27.2782314Z Get:67 http://deb.debian.org/debian bookworm/main amd64 libsodium23 amd64 1.0.18-1 [161 kB]
2025-07-18T13:59:27.2793707Z Get:68 http://deb.debian.org/debian bookworm/main amd64 libxau6 amd64 1:1.0.9-1 [19.7 kB]
2025-07-18T13:59:27.2798673Z Get:69 http://deb.debian.org/debian bookworm/main amd64 libxdmcp6 amd64 1:1.1.2-3 [26.3 kB]
2025-07-18T13:59:27.2802094Z Get:70 http://deb.debian.org/debian bookworm/main amd64 libxcb1 amd64 1.15-1 [144 kB]
2025-07-18T13:59:27.2810657Z Get:71 http://deb.debian.org/debian bookworm/main amd64 libx11-data all 2:1.8.4-2+deb12u2 [292 kB]
2025-07-18T13:59:27.2826984Z Get:72 http://deb.debian.org/debian bookworm/main amd64 libx11-6 amd64 2:1.8.4-2+deb12u2 [760 kB]
2025-07-18T13:59:27.2866705Z Get:73 http://deb.debian.org/debian bookworm/main amd64 libxext6 amd64 2:1.3.4-1+b1 [52.9 kB]
2025-07-18T13:59:27.2871423Z Get:74 http://deb.debian.org/debian bookworm/main amd64 libxmuu1 amd64 2:1.1.3-3 [23.9 kB]
2025-07-18T13:59:27.2875050Z Get:75 http://deb.debian.org/debian bookworm/main amd64 psmisc amd64 23.6-1 [259 kB]
2025-07-18T13:59:27.2887477Z Get:76 http://deb.debian.org/debian bookworm/main amd64 publicsuffix all 20230209.2326-1 [126 kB]
2025-07-18T13:59:27.2898639Z Get:77 http://deb.debian.org/debian bookworm/main amd64 vim-runtime all 2:9.0.1378-2+deb12u2 [7027 kB]
2025-07-18T13:59:27.3212853Z Get:78 http://deb.debian.org/debian bookworm/main amd64 vim amd64 2:9.0.1378-2+deb12u2 [1568 kB]
2025-07-18T13:59:27.3265035Z Get:79 http://deb.debian.org/debian bookworm/main amd64 xauth amd64 1:1.1.2-1 [36.0 kB]
2025-07-18T13:59:27.3268548Z Get:80 http://deb.debian.org/debian bookworm/main amd64 xxd amd64 2:9.0.1378-2+deb12u2 [84.1 kB]
2025-07-18T13:59:27.4144879Z debconf: delaying package configuration, since apt-utils is not installed
2025-07-18T13:59:27.4317279Z Fetched 30.0 MB in 0s (161 MB/s)
2025-07-18T13:59:27.4403931Z Selecting previously unselected package libssl3:amd64.
2025-07-18T13:59:27.4414136Z (Reading database ... 
2025-07-18T13:59:27.4416367Z (Reading database ... 5%
2025-07-18T13:59:27.4417530Z (Reading database ... 10%
2025-07-18T13:59:27.4418309Z (Reading database ... 15%
2025-07-18T13:59:27.4418730Z (Reading database ... 20%
2025-07-18T13:59:27.4419574Z (Reading database ... 25%
2025-07-18T13:59:27.4421812Z (Reading database ... 30%
2025-07-18T13:59:27.4422192Z (Reading database ... 35%
2025-07-18T13:59:27.4423588Z (Reading database ... 40%
2025-07-18T13:59:27.4428235Z (Reading database ... 45%
2025-07-18T13:59:27.4428612Z (Reading database ... 50%
2025-07-18T13:59:27.4429701Z (Reading database ... 55%
2025-07-18T13:59:27.4430167Z (Reading database ... 60%
2025-07-18T13:59:27.4432643Z (Reading database ... 65%
2025-07-18T13:59:27.4434484Z (Reading database ... 70%
2025-07-18T13:59:27.4435017Z (Reading database ... 75%
2025-07-18T13:59:27.4435866Z (Reading database ... 80%
2025-07-18T13:59:27.4436522Z (Reading database ... 85%
2025-07-18T13:59:27.4437649Z (Reading database ... 90%
2025-07-18T13:59:27.4439310Z (Reading database ... 95%
2025-07-18T13:59:27.4439574Z (Reading database ... 100%
2025-07-18T13:59:27.4439897Z (Reading database ... 6089 files and directories currently installed.)
2025-07-18T13:59:27.4443547Z Preparing to unpack .../00-libssl3_3.0.16-1~deb12u1_amd64.deb ...
2025-07-18T13:59:27.4447039Z Unpacking libssl3:amd64 (3.0.16-1~deb12u1) ...
2025-07-18T13:59:27.5576403Z Selecting previously unselected package libargon2-1:amd64.
2025-07-18T13:59:27.5593006Z Preparing to unpack .../01-libargon2-1_0~20171227-0.3+deb12u1_amd64.deb ...
2025-07-18T13:59:27.5595872Z Unpacking libargon2-1:amd64 (0~20171227-0.3+deb12u1) ...
2025-07-18T13:59:27.5689193Z Selecting previously unselected package dmsetup.
2025-07-18T13:59:27.5704457Z Preparing to unpack .../02-dmsetup_2%3a1.02.185-2_amd64.deb ...
2025-07-18T13:59:27.5706737Z Unpacking dmsetup (2:1.02.185-2) ...
2025-07-18T13:59:27.5842713Z Selecting previously unselected package libdevmapper1.02.1:amd64.
2025-07-18T13:59:27.5855818Z Preparing to unpack .../03-libdevmapper1.02.1_2%3a1.02.185-2_amd64.deb ...
2025-07-18T13:59:27.5859525Z Unpacking libdevmapper1.02.1:amd64 (2:1.02.185-2) ...
2025-07-18T13:59:27.6025278Z Selecting previously unselected package libjson-c5:amd64.
2025-07-18T13:59:27.6039163Z Preparing to unpack .../04-libjson-c5_0.16-2_amd64.deb ...
2025-07-18T13:59:27.6041451Z Unpacking libjson-c5:amd64 (0.16-2) ...
2025-07-18T13:59:27.6147773Z Selecting previously unselected package libcryptsetup12:amd64.
2025-07-18T13:59:27.6161040Z Preparing to unpack .../05-libcryptsetup12_2%3a2.6.1-4~deb12u2_amd64.deb ...
2025-07-18T13:59:27.6163550Z Unpacking libcryptsetup12:amd64 (2:2.6.1-4~deb12u2) ...
2025-07-18T13:59:27.6373169Z Selecting previously unselected package libfdisk1:amd64.
2025-07-18T13:59:27.6386316Z Preparing to unpack .../06-libfdisk1_2.38.1-5+deb12u3_amd64.deb ...
2025-07-18T13:59:27.6388985Z Unpacking libfdisk1:amd64 (2.38.1-5+deb12u3) ...
2025-07-18T13:59:27.6587445Z Selecting previously unselected package libkmod2:amd64.
2025-07-18T13:59:27.6601084Z Preparing to unpack .../07-libkmod2_30+20221128-1_amd64.deb ...
2025-07-18T13:59:27.6603583Z Unpacking libkmod2:amd64 (30+20221128-1) ...
2025-07-18T13:59:27.6723307Z Selecting previously unselected package libapparmor1:amd64.
2025-07-18T13:59:27.6741942Z Preparing to unpack .../08-libapparmor1_3.0.8-3_amd64.deb ...
2025-07-18T13:59:27.6745053Z Unpacking libapparmor1:amd64 (3.0.8-3) ...
2025-07-18T13:59:27.6848303Z Selecting previously unselected package libip4tc2:amd64.
2025-07-18T13:59:27.6861709Z Preparing to unpack .../09-libip4tc2_1.8.9-2_amd64.deb ...
2025-07-18T13:59:27.6863986Z Unpacking libip4tc2:amd64 (1.8.9-2) ...
2025-07-18T13:59:27.6952957Z Selecting previously unselected package libsystemd-shared:amd64.
2025-07-18T13:59:27.6965588Z Preparing to unpack .../10-libsystemd-shared_252.38-1~deb12u1_amd64.deb ...
2025-07-18T13:59:27.6967689Z Unpacking libsystemd-shared:amd64 (252.38-1~deb12u1) ...
2025-07-18T13:59:27.8018660Z Setting up libssl3:amd64 (3.0.16-1~deb12u1) ...
2025-07-18T13:59:27.8116584Z Selecting previously unselected package systemd.
2025-07-18T13:59:27.8127193Z (Reading database ... 
2025-07-18T13:59:27.8132128Z (Reading database ... 5%
2025-07-18T13:59:27.8134568Z (Reading database ... 10%
2025-07-18T13:59:27.8135024Z (Reading database ... 15%
2025-07-18T13:59:27.8135830Z (Reading database ... 20%
2025-07-18T13:59:27.8137254Z (Reading database ... 25%
2025-07-18T13:59:27.8140869Z (Reading database ... 30%
2025-07-18T13:59:27.8141294Z (Reading database ... 35%
2025-07-18T13:59:27.8145690Z (Reading database ... 40%
2025-07-18T13:59:27.8148479Z (Reading database ... 45%
2025-07-18T13:59:27.8148860Z (Reading database ... 50%
2025-07-18T13:59:27.8149663Z (Reading database ... 55%
2025-07-18T13:59:27.8151413Z (Reading database ... 60%
2025-07-18T13:59:27.8153557Z (Reading database ... 65%
2025-07-18T13:59:27.8155307Z (Reading database ... 70%
2025-07-18T13:59:27.8156153Z (Reading database ... 75%
2025-07-18T13:59:27.8157033Z (Reading database ... 80%
2025-07-18T13:59:27.8157378Z (Reading database ... 85%
2025-07-18T13:59:27.8159648Z (Reading database ... 90%
2025-07-18T13:59:27.8160194Z (Reading database ... 95%
2025-07-18T13:59:27.8160565Z (Reading database ... 100%
2025-07-18T13:59:27.8161112Z (Reading database ... 6175 files and directories currently installed.)
2025-07-18T13:59:27.8165396Z Preparing to unpack .../systemd_252.38-1~deb12u1_amd64.deb ...
2025-07-18T13:59:27.8285833Z Unpacking systemd (252.38-1~deb12u1) ...
2025-07-18T13:59:28.0288653Z Setting up libargon2-1:amd64 (0~20171227-0.3+deb12u1) ...
2025-07-18T13:59:28.0293154Z Setting up libjson-c5:amd64 (0.16-2) ...
2025-07-18T13:59:28.0298725Z Setting up libfdisk1:amd64 (2.38.1-5+deb12u3) ...
2025-07-18T13:59:28.0303849Z Setting up libkmod2:amd64 (30+20221128-1) ...
2025-07-18T13:59:28.0309219Z Setting up libapparmor1:amd64 (3.0.8-3) ...
2025-07-18T13:59:28.0313845Z Setting up libip4tc2:amd64 (1.8.9-2) ...
2025-07-18T13:59:28.0319083Z Setting up libsystemd-shared:amd64 (252.38-1~deb12u1) ...
2025-07-18T13:59:28.0326865Z Setting up libdevmapper1.02.1:amd64 (2:1.02.185-2) ...
2025-07-18T13:59:28.0332801Z Setting up libcryptsetup12:amd64 (2:2.6.1-4~deb12u2) ...
2025-07-18T13:59:28.0338759Z Setting up systemd (252.38-1~deb12u1) ...
2025-07-18T13:59:28.0407947Z Created symlink /etc/systemd/system/getty.target.wants/getty@tty1.service → /lib/systemd/system/getty@.service.
2025-07-18T13:59:28.0408834Z 
2025-07-18T13:59:28.0444013Z Created symlink /etc/systemd/system/multi-user.target.wants/remote-fs.target → /lib/systemd/system/remote-fs.target.
2025-07-18T13:59:28.0444775Z 
2025-07-18T13:59:28.0490077Z Created symlink /etc/systemd/system/sysinit.target.wants/systemd-pstore.service → /lib/systemd/system/systemd-pstore.service.
2025-07-18T13:59:28.0490898Z 
2025-07-18T13:59:28.0529204Z Initializing machine ID from random generator.
2025-07-18T13:59:28.0529562Z 
2025-07-18T13:59:28.0706276Z Creating group 'systemd-journal' with GID 999.
2025-07-18T13:59:28.0706663Z 
2025-07-18T13:59:28.0707939Z Creating group 'systemd-network' with GID 998.
2025-07-18T13:59:28.0708838Z 
2025-07-18T13:59:28.0709272Z Creating user 'systemd-network' (systemd Network Management) with UID 998 and GID 998.
2025-07-18T13:59:28.0709822Z 
2025-07-18T13:59:28.0930747Z Setting up dmsetup (2:1.02.185-2) ...
2025-07-18T13:59:28.1073851Z Selecting previously unselected package systemd-sysv.
2025-07-18T13:59:28.1085145Z (Reading database ... 
2025-07-18T13:59:28.1090141Z (Reading database ... 5%
2025-07-18T13:59:28.1092591Z (Reading database ... 10%
2025-07-18T13:59:28.1093262Z (Reading database ... 15%
2025-07-18T13:59:28.1093822Z (Reading database ... 20%
2025-07-18T13:59:28.1095683Z (Reading database ... 25%
2025-07-18T13:59:28.1101158Z (Reading database ... 30%
2025-07-18T13:59:28.1101671Z (Reading database ... 35%
2025-07-18T13:59:28.1105562Z (Reading database ... 40%
2025-07-18T13:59:28.1108793Z (Reading database ... 45%
2025-07-18T13:59:28.1109364Z (Reading database ... 50%
2025-07-18T13:59:28.1110439Z (Reading database ... 55%
2025-07-18T13:59:28.1111432Z (Reading database ... 60%
2025-07-18T13:59:28.1114164Z (Reading database ... 65%
2025-07-18T13:59:28.1116258Z (Reading database ... 70%
2025-07-18T13:59:28.1116676Z (Reading database ... 75%
2025-07-18T13:59:28.1117851Z (Reading database ... 80%
2025-07-18T13:59:28.1118442Z (Reading database ... 85%
2025-07-18T13:59:28.1120376Z (Reading database ... 90%
2025-07-18T13:59:28.1121593Z (Reading database ... 95%
2025-07-18T13:59:28.1121927Z (Reading database ... 100%
2025-07-18T13:59:28.1122441Z (Reading database ... 7024 files and directories currently installed.)
2025-07-18T13:59:28.1128791Z Preparing to unpack .../00-systemd-sysv_252.38-1~deb12u1_amd64.deb ...
2025-07-18T13:59:28.1130919Z Unpacking systemd-sysv (252.38-1~deb12u1) ...
2025-07-18T13:59:28.1245016Z Selecting previously unselected package libdbus-1-3:amd64.
2025-07-18T13:59:28.1260534Z Preparing to unpack .../01-libdbus-1-3_1.14.10-1~deb12u1_amd64.deb ...
2025-07-18T13:59:28.1263339Z Unpacking libdbus-1-3:amd64 (1.14.10-1~deb12u1) ...
2025-07-18T13:59:28.1462630Z Selecting previously unselected package dbus-bin.
2025-07-18T13:59:28.1476944Z Preparing to unpack .../02-dbus-bin_1.14.10-1~deb12u1_amd64.deb ...
2025-07-18T13:59:28.1479199Z Unpacking dbus-bin (1.14.10-1~deb12u1) ...
2025-07-18T13:59:28.1623372Z Selecting previously unselected package dbus-session-bus-common.
2025-07-18T13:59:28.1637832Z Preparing to unpack .../03-dbus-session-bus-common_1.14.10-1~deb12u1_all.deb ...
2025-07-18T13:59:28.1640184Z Unpacking dbus-session-bus-common (1.14.10-1~deb12u1) ...
2025-07-18T13:59:28.1769935Z Selecting previously unselected package libexpat1:amd64.
2025-07-18T13:59:28.1783831Z Preparing to unpack .../04-libexpat1_2.5.0-1+deb12u1_amd64.deb ...
2025-07-18T13:59:28.1786313Z Unpacking libexpat1:amd64 (2.5.0-1+deb12u1) ...
2025-07-18T13:59:28.1931273Z Selecting previously unselected package dbus-daemon.
2025-07-18T13:59:28.1944629Z Preparing to unpack .../05-dbus-daemon_1.14.10-1~deb12u1_amd64.deb ...
2025-07-18T13:59:28.1946492Z Unpacking dbus-daemon (1.14.10-1~deb12u1) ...
2025-07-18T13:59:28.2134495Z Selecting previously unselected package dbus-system-bus-common.
2025-07-18T13:59:28.2149206Z Preparing to unpack .../06-dbus-system-bus-common_1.14.10-1~deb12u1_all.deb ...
2025-07-18T13:59:28.2151244Z Unpacking dbus-system-bus-common (1.14.10-1~deb12u1) ...
2025-07-18T13:59:28.2278655Z Selecting previously unselected package dbus.
2025-07-18T13:59:28.2293042Z Preparing to unpack .../07-dbus_1.14.10-1~deb12u1_amd64.deb ...
2025-07-18T13:59:28.2304493Z Unpacking dbus (1.14.10-1~deb12u1) ...
2025-07-18T13:59:28.2446391Z Selecting previously unselected package libbsd0:amd64.
2025-07-18T13:59:28.2461235Z Preparing to unpack .../08-libbsd0_0.11.7-2_amd64.deb ...
2025-07-18T13:59:28.2463480Z Unpacking libbsd0:amd64 (0.11.7-2) ...
2025-07-18T13:59:28.2614592Z Selecting previously unselected package libedit2:amd64.
2025-07-18T13:59:28.2629129Z Preparing to unpack .../09-libedit2_3.1-20221030-2_amd64.deb ...
2025-07-18T13:59:28.2631645Z Unpacking libedit2:amd64 (3.1-20221030-2) ...
2025-07-18T13:59:28.2773850Z Selecting previously unselected package libcbor0.8:amd64.
2025-07-18T13:59:28.2788687Z Preparing to unpack .../10-libcbor0.8_0.8.0-2+b1_amd64.deb ...
2025-07-18T13:59:28.2791075Z Unpacking libcbor0.8:amd64 (0.8.0-2+b1) ...
2025-07-18T13:59:28.2893183Z Selecting previously unselected package libfido2-1:amd64.
2025-07-18T13:59:28.2907763Z Preparing to unpack .../11-libfido2-1_1.12.0-2+b1_amd64.deb ...
2025-07-18T13:59:28.2910573Z Unpacking libfido2-1:amd64 (1.12.0-2+b1) ...
2025-07-18T13:59:28.3040033Z Selecting previously unselected package libkrb5support0:amd64.
2025-07-18T13:59:28.3054149Z Preparing to unpack .../12-libkrb5support0_1.20.1-2+deb12u3_amd64.deb ...
2025-07-18T13:59:28.3056422Z Unpacking libkrb5support0:amd64 (1.20.1-2+deb12u3) ...
2025-07-18T13:59:28.3162143Z Selecting previously unselected package libk5crypto3:amd64.
2025-07-18T13:59:28.3176065Z Preparing to unpack .../13-libk5crypto3_1.20.1-2+deb12u3_amd64.deb ...
2025-07-18T13:59:28.3178838Z Unpacking libk5crypto3:amd64 (1.20.1-2+deb12u3) ...
2025-07-18T13:59:28.3312194Z Selecting previously unselected package libkeyutils1:amd64.
2025-07-18T13:59:28.3326434Z Preparing to unpack .../14-libkeyutils1_1.6.3-2_amd64.deb ...
2025-07-18T13:59:28.3329213Z Unpacking libkeyutils1:amd64 (1.6.3-2) ...
2025-07-18T13:59:28.3418280Z Selecting previously unselected package libkrb5-3:amd64.
2025-07-18T13:59:28.3433147Z Preparing to unpack .../15-libkrb5-3_1.20.1-2+deb12u3_amd64.deb ...
2025-07-18T13:59:28.3435948Z Unpacking libkrb5-3:amd64 (1.20.1-2+deb12u3) ...
2025-07-18T13:59:28.3730689Z Selecting previously unselected package libgssapi-krb5-2:amd64.
2025-07-18T13:59:28.3747991Z Preparing to unpack .../16-libgssapi-krb5-2_1.20.1-2+deb12u3_amd64.deb ...
2025-07-18T13:59:28.3751092Z Unpacking libgssapi-krb5-2:amd64 (1.20.1-2+deb12u3) ...
2025-07-18T13:59:28.3919629Z Selecting previously unselected package openssh-client.
2025-07-18T13:59:28.3934110Z Preparing to unpack .../17-openssh-client_1%3a9.2p1-2+deb12u6_amd64.deb ...
2025-07-18T13:59:28.3975258Z Unpacking openssh-client (1:9.2p1-2+deb12u6) ...
2025-07-18T13:59:28.4685097Z Selecting previously unselected package openssh-sftp-server.
2025-07-18T13:59:28.4706093Z Preparing to unpack .../18-openssh-sftp-server_1%3a9.2p1-2+deb12u6_amd64.deb ...
2025-07-18T13:59:28.4708439Z Unpacking openssh-sftp-server (1:9.2p1-2+deb12u6) ...
2025-07-18T13:59:28.4831459Z Selecting previously unselected package libncursesw6:amd64.
2025-07-18T13:59:28.4847543Z Preparing to unpack .../19-libncursesw6_6.4-4_amd64.deb ...
2025-07-18T13:59:28.4850172Z Unpacking libncursesw6:amd64 (6.4-4) ...
2025-07-18T13:59:28.5022676Z Selecting previously unselected package libproc2-0:amd64.
2025-07-18T13:59:28.5037993Z Preparing to unpack .../20-libproc2-0_2%3a4.0.2-3_amd64.deb ...
2025-07-18T13:59:28.5040804Z Unpacking libproc2-0:amd64 (2:4.0.2-3) ...
2025-07-18T13:59:28.5172685Z Selecting previously unselected package procps.
2025-07-18T13:59:28.5196181Z Preparing to unpack .../21-procps_2%3a4.0.2-3_amd64.deb ...
2025-07-18T13:59:28.5265552Z Unpacking procps (2:4.0.2-3) ...
2025-07-18T13:59:28.5841360Z Selecting previously unselected package sensible-utils.
2025-07-18T13:59:28.5863777Z Preparing to unpack .../22-sensible-utils_0.0.17+nmu1_all.deb ...
2025-07-18T13:59:28.5865459Z Unpacking sensible-utils (0.0.17+nmu1) ...
2025-07-18T13:59:28.6004453Z Selecting previously unselected package ucf.
2025-07-18T13:59:28.6022675Z Preparing to unpack .../23-ucf_3.0043+nmu1+deb12u1_all.deb ...
2025-07-18T13:59:28.6033537Z Moving old data out of the way
2025-07-18T13:59:28.6043131Z Unpacking ucf (3.0043+nmu1+deb12u1) ...
2025-07-18T13:59:28.6172880Z Selecting previously unselected package runit-helper.
2025-07-18T13:59:28.6183130Z Preparing to unpack .../24-runit-helper_2.15.2_all.deb ...
2025-07-18T13:59:28.6185164Z Unpacking runit-helper (2.15.2) ...
2025-07-18T13:59:28.6270257Z Selecting previously unselected package libtirpc-common.
2025-07-18T13:59:28.6279998Z Preparing to unpack .../25-libtirpc-common_1.3.3+ds-1_all.deb ...
2025-07-18T13:59:28.6282337Z Unpacking libtirpc-common (1.3.3+ds-1) ...
2025-07-18T13:59:28.6375529Z Selecting previously unselected package libtirpc3:amd64.
2025-07-18T13:59:28.6385198Z Preparing to unpack .../26-libtirpc3_1.3.3+ds-1_amd64.deb ...
2025-07-18T13:59:28.6387579Z Unpacking libtirpc3:amd64 (1.3.3+ds-1) ...
2025-07-18T13:59:28.6523784Z Selecting previously unselected package libnsl2:amd64.
2025-07-18T13:59:28.6534053Z Preparing to unpack .../27-libnsl2_1.3.0-2_amd64.deb ...
2025-07-18T13:59:28.6536600Z Unpacking libnsl2:amd64 (1.3.0-2) ...
2025-07-18T13:59:28.6646116Z Selecting previously unselected package libwrap0:amd64.
2025-07-18T13:59:28.6656469Z Preparing to unpack .../28-libwrap0_7.6.q-32_amd64.deb ...
2025-07-18T13:59:28.6659952Z Unpacking libwrap0:amd64 (7.6.q-32) ...
2025-07-18T13:59:28.6786060Z Selecting previously unselected package openssh-server.
2025-07-18T13:59:28.6797971Z Preparing to unpack .../29-openssh-server_1%3a9.2p1-2+deb12u6_amd64.deb ...
2025-07-18T13:59:28.6838448Z Unpacking openssh-server (1:9.2p1-2+deb12u6) ...
2025-07-18T13:59:28.7210329Z Selecting previously unselected package sudo.
2025-07-18T13:59:28.7221762Z Preparing to unpack .../30-sudo_1.9.13p3-1+deb12u2_amd64.deb ...
2025-07-18T13:59:28.7234063Z Unpacking sudo (1.9.13p3-1+deb12u2) ...
2025-07-18T13:59:28.8099206Z Selecting previously unselected package vim-common.
2025-07-18T13:59:28.8114931Z Preparing to unpack .../31-vim-common_2%3a9.0.1378-2+deb12u2_all.deb ...
2025-07-18T13:59:28.8117758Z Unpacking vim-common (2:9.0.1378-2+deb12u2) ...
2025-07-18T13:59:28.8287614Z Selecting previously unselected package openssl.
2025-07-18T13:59:28.8301870Z Preparing to unpack .../32-openssl_3.0.16-1~deb12u1_amd64.deb ...
2025-07-18T13:59:28.8304579Z Unpacking openssl (3.0.16-1~deb12u1) ...
2025-07-18T13:59:28.9232589Z Selecting previously unselected package ca-certificates.
2025-07-18T13:59:28.9248326Z Preparing to unpack .../33-ca-certificates_20230311+deb12u1_all.deb ...
2025-07-18T13:59:28.9250937Z Unpacking ca-certificates (20230311+deb12u1) ...
2025-07-18T13:59:28.9571409Z Selecting previously unselected package krb5-locales.
2025-07-18T13:59:28.9586647Z Preparing to unpack .../34-krb5-locales_1.20.1-2+deb12u3_all.deb ...
2025-07-18T13:59:28.9588942Z Unpacking krb5-locales (1.20.1-2+deb12u3) ...
2025-07-18T13:59:28.9713718Z Selecting previously unselected package libnss-systemd:amd64.
2025-07-18T13:59:28.9726924Z Preparing to unpack .../35-libnss-systemd_252.38-1~deb12u1_amd64.deb ...
2025-07-18T13:59:28.9745157Z Unpacking libnss-systemd:amd64 (252.38-1~deb12u1) ...
2025-07-18T13:59:28.9929511Z Selecting previously unselected package libpam-systemd:amd64.
2025-07-18T13:59:28.9943327Z Preparing to unpack .../36-libpam-systemd_252.38-1~deb12u1_amd64.deb ...
2025-07-18T13:59:28.9945527Z Unpacking libpam-systemd:amd64 (252.38-1~deb12u1) ...
2025-07-18T13:59:29.0182781Z Selecting previously unselected package ncurses-term.
2025-07-18T13:59:29.0194976Z Preparing to unpack .../37-ncurses-term_6.4-4_all.deb ...
2025-07-18T13:59:29.0197521Z Unpacking ncurses-term (6.4-4) ...
2025-07-18T13:59:29.4235826Z Selecting previously unselected package systemd-timesyncd.
2025-07-18T13:59:29.4256569Z Preparing to unpack .../38-systemd-timesyncd_252.38-1~deb12u1_amd64.deb ...
2025-07-18T13:59:29.4259265Z Unpacking systemd-timesyncd (252.38-1~deb12u1) ...
2025-07-18T13:59:29.4387575Z Selecting previously unselected package libpsl5:amd64.
2025-07-18T13:59:29.4404292Z Preparing to unpack .../39-libpsl5_0.21.2-1_amd64.deb ...
2025-07-18T13:59:29.4407268Z Unpacking libpsl5:amd64 (0.21.2-1) ...
2025-07-18T13:59:29.4527032Z Selecting previously unselected package wget.
2025-07-18T13:59:29.4543138Z Preparing to unpack .../40-wget_1.21.3-1+deb12u1_amd64.deb ...
2025-07-18T13:59:29.4545433Z Unpacking wget (1.21.3-1+deb12u1) ...
2025-07-18T13:59:29.5100346Z Selecting previously unselected package libbrotli1:amd64.
2025-07-18T13:59:29.5116303Z Preparing to unpack .../41-libbrotli1_1.0.9-2+b6_amd64.deb ...
2025-07-18T13:59:29.5118778Z Unpacking libbrotli1:amd64 (1.0.9-2+b6) ...
2025-07-18T13:59:29.5383089Z Selecting previously unselected package libsasl2-modules-db:amd64.
2025-07-18T13:59:29.5396983Z Preparing to unpack .../42-libsasl2-modules-db_2.1.28+dfsg-10_amd64.deb ...
2025-07-18T13:59:29.5399504Z Unpacking libsasl2-modules-db:amd64 (2.1.28+dfsg-10) ...
2025-07-18T13:59:29.5499636Z Selecting previously unselected package libsasl2-2:amd64.
2025-07-18T13:59:29.5512069Z Preparing to unpack .../43-libsasl2-2_2.1.28+dfsg-10_amd64.deb ...
2025-07-18T13:59:29.5514636Z Unpacking libsasl2-2:amd64 (2.1.28+dfsg-10) ...
2025-07-18T13:59:29.5639704Z Selecting previously unselected package libldap-2.5-0:amd64.
2025-07-18T13:59:29.5653273Z Preparing to unpack .../44-libldap-2.5-0_2.5.13+dfsg-5_amd64.deb ...
2025-07-18T13:59:29.5655734Z Unpacking libldap-2.5-0:amd64 (2.5.13+dfsg-5) ...
2025-07-18T13:59:29.5859473Z Selecting previously unselected package libnghttp2-14:amd64.
2025-07-18T13:59:29.5873323Z Preparing to unpack .../45-libnghttp2-14_1.52.0-1+deb12u2_amd64.deb ...
2025-07-18T13:59:29.5875909Z Unpacking libnghttp2-14:amd64 (1.52.0-1+deb12u2) ...
2025-07-18T13:59:29.6004632Z Selecting previously unselected package librtmp1:amd64.
2025-07-18T13:59:29.6017280Z Preparing to unpack .../46-librtmp1_2.4+20151223.gitfa8646d.1-2+b2_amd64.deb ...
2025-07-18T13:59:29.6020121Z Unpacking librtmp1:amd64 (2.4+20151223.gitfa8646d.1-2+b2) ...
2025-07-18T13:59:29.6142007Z Selecting previously unselected package libssh2-1:amd64.
2025-07-18T13:59:29.6155199Z Preparing to unpack .../47-libssh2-1_1.10.0-3+b1_amd64.deb ...
2025-07-18T13:59:29.6157841Z Unpacking libssh2-1:amd64 (1.10.0-3+b1) ...
2025-07-18T13:59:29.6349927Z Selecting previously unselected package libcurl4:amd64.
2025-07-18T13:59:29.6364200Z Preparing to unpack .../48-libcurl4_7.88.1-10+deb12u12_amd64.deb ...
2025-07-18T13:59:29.6367130Z Unpacking libcurl4:amd64 (7.88.1-10+deb12u12) ...
2025-07-18T13:59:29.6651757Z Selecting previously unselected package curl.
2025-07-18T13:59:29.6664762Z Preparing to unpack .../49-curl_7.88.1-10+deb12u12_amd64.deb ...
2025-07-18T13:59:29.6667040Z Unpacking curl (7.88.1-10+deb12u12) ...
2025-07-18T13:59:29.6927199Z Selecting previously unselected package dbus-user-session.
2025-07-18T13:59:29.6949960Z Preparing to unpack .../50-dbus-user-session_1.14.10-1~deb12u1_amd64.deb ...
2025-07-18T13:59:29.6952938Z Unpacking dbus-user-session (1.14.10-1~deb12u1) ...
2025-07-18T13:59:29.7086105Z Selecting previously unselected package libgpm2:amd64.
2025-07-18T13:59:29.7100999Z Preparing to unpack .../51-libgpm2_1.20.7-10+b1_amd64.deb ...
2025-07-18T13:59:29.7103991Z Unpacking libgpm2:amd64 (1.20.7-10+b1) ...
2025-07-18T13:59:29.7200749Z Selecting previously unselected package libldap-common.
2025-07-18T13:59:29.7214115Z Preparing to unpack .../52-libldap-common_2.5.13+dfsg-5_all.deb ...
2025-07-18T13:59:29.7216936Z Unpacking libldap-common (2.5.13+dfsg-5) ...
2025-07-18T13:59:29.7317965Z Selecting previously unselected package libsasl2-modules:amd64.
2025-07-18T13:59:29.7332996Z Preparing to unpack .../53-libsasl2-modules_2.1.28+dfsg-10_amd64.deb ...
2025-07-18T13:59:29.7374663Z Unpacking libsasl2-modules:amd64 (2.1.28+dfsg-10) ...
2025-07-18T13:59:29.7518360Z Selecting previously unselected package libsodium23:amd64.
2025-07-18T13:59:29.7531638Z Preparing to unpack .../54-libsodium23_1.0.18-1_amd64.deb ...
2025-07-18T13:59:29.7534009Z Unpacking libsodium23:amd64 (1.0.18-1) ...
2025-07-18T13:59:29.7722027Z Selecting previously unselected package libxau6:amd64.
2025-07-18T13:59:29.7735184Z Preparing to unpack .../55-libxau6_1%3a1.0.9-1_amd64.deb ...
2025-07-18T13:59:29.7737988Z Unpacking libxau6:amd64 (1:1.0.9-1) ...
2025-07-18T13:59:29.7840280Z Selecting previously unselected package libxdmcp6:amd64.
2025-07-18T13:59:29.7854724Z Preparing to unpack .../56-libxdmcp6_1%3a1.1.2-3_amd64.deb ...
2025-07-18T13:59:29.7857046Z Unpacking libxdmcp6:amd64 (1:1.1.2-3) ...
2025-07-18T13:59:29.7959499Z Selecting previously unselected package libxcb1:amd64.
2025-07-18T13:59:29.7972926Z Preparing to unpack .../57-libxcb1_1.15-1_amd64.deb ...
2025-07-18T13:59:29.7975608Z Unpacking libxcb1:amd64 (1.15-1) ...
2025-07-18T13:59:29.8109651Z Selecting previously unselected package libx11-data.
2025-07-18T13:59:29.8122857Z Preparing to unpack .../58-libx11-data_2%3a1.8.4-2+deb12u2_all.deb ...
2025-07-18T13:59:29.8125590Z Unpacking libx11-data (2:1.8.4-2+deb12u2) ...
2025-07-18T13:59:29.8632309Z Selecting previously unselected package libx11-6:amd64.
2025-07-18T13:59:29.8647496Z Preparing to unpack .../59-libx11-6_2%3a1.8.4-2+deb12u2_amd64.deb ...
2025-07-18T13:59:29.8650699Z Unpacking libx11-6:amd64 (2:1.8.4-2+deb12u2) ...
2025-07-18T13:59:29.9121378Z Selecting previously unselected package libxext6:amd64.
2025-07-18T13:59:29.9136268Z Preparing to unpack .../60-libxext6_2%3a1.3.4-1+b1_amd64.deb ...
2025-07-18T13:59:29.9138978Z Unpacking libxext6:amd64 (2:1.3.4-1+b1) ...
2025-07-18T13:59:29.9260534Z Selecting previously unselected package libxmuu1:amd64.
2025-07-18T13:59:29.9274821Z Preparing to unpack .../61-libxmuu1_2%3a1.1.3-3_amd64.deb ...
2025-07-18T13:59:29.9279177Z Unpacking libxmuu1:amd64 (2:1.1.3-3) ...
2025-07-18T13:59:29.9377703Z Selecting previously unselected package psmisc.
2025-07-18T13:59:29.9392094Z Preparing to unpack .../62-psmisc_23.6-1_amd64.deb ...
2025-07-18T13:59:29.9394712Z Unpacking psmisc (23.6-1) ...
2025-07-18T13:59:29.9647490Z Selecting previously unselected package publicsuffix.
2025-07-18T13:59:29.9661978Z Preparing to unpack .../63-publicsuffix_20230209.2326-1_all.deb ...
2025-07-18T13:59:29.9664670Z Unpacking publicsuffix (20230209.2326-1) ...
2025-07-18T13:59:29.9849619Z Selecting previously unselected package vim-runtime.
2025-07-18T13:59:29.9865156Z Preparing to unpack .../64-vim-runtime_2%3a9.0.1378-2+deb12u2_all.deb ...
2025-07-18T13:59:29.9923192Z Adding 'diversion of /usr/share/vim/vim90/doc/help.txt to /usr/share/vim/vim90/doc/help.txt.vim-tiny by vim-runtime'
2025-07-18T13:59:29.9972652Z Adding 'diversion of /usr/share/vim/vim90/doc/tags to /usr/share/vim/vim90/doc/tags.vim-tiny by vim-runtime'
2025-07-18T13:59:29.9980792Z Unpacking vim-runtime (2:9.0.1378-2+deb12u2) ...
2025-07-18T13:59:30.4986983Z Selecting previously unselected package vim.
2025-07-18T13:59:30.5012205Z Preparing to unpack .../65-vim_2%3a9.0.1378-2+deb12u2_amd64.deb ...
2025-07-18T13:59:30.5014533Z Unpacking vim (2:9.0.1378-2+deb12u2) ...
2025-07-18T13:59:30.5966515Z Selecting previously unselected package xauth.
2025-07-18T13:59:30.5990676Z Preparing to unpack .../66-xauth_1%3a1.1.2-1_amd64.deb ...
2025-07-18T13:59:30.5993175Z Unpacking xauth (1:1.1.2-1) ...
2025-07-18T13:59:30.6102821Z Selecting previously unselected package xxd.
2025-07-18T13:59:30.6123557Z Preparing to unpack .../67-xxd_2%3a9.0.1378-2+deb12u2_amd64.deb ...
2025-07-18T13:59:30.6125846Z Unpacking xxd (2:9.0.1378-2+deb12u2) ...
2025-07-18T13:59:30.6336104Z Setting up libexpat1:amd64 (2.5.0-1+deb12u1) ...
2025-07-18T13:59:30.6340862Z Setting up runit-helper (2.15.2) ...
2025-07-18T13:59:30.6345727Z Setting up systemd-sysv (252.38-1~deb12u1) ...
2025-07-18T13:59:30.6359585Z Setting up libxau6:amd64 (1:1.0.9-1) ...
2025-07-18T13:59:30.6364841Z Setting up libkeyutils1:amd64 (1.6.3-2) ...
2025-07-18T13:59:30.6370197Z Setting up libpsl5:amd64 (0.21.2-1) ...
2025-07-18T13:59:30.6375549Z Setting up libsodium23:amd64 (1.0.18-1) ...
2025-07-18T13:59:30.6380655Z Setting up libgpm2:amd64 (1.20.7-10+b1) ...
2025-07-18T13:59:30.6385362Z Setting up wget (1.21.3-1+deb12u1) ...
2025-07-18T13:59:30.6391901Z Setting up psmisc (23.6-1) ...
2025-07-18T13:59:30.6407917Z Setting up libtirpc-common (1.3.3+ds-1) ...
2025-07-18T13:59:30.6414272Z Setting up libcbor0.8:amd64 (0.8.0-2+b1) ...
2025-07-18T13:59:30.6419977Z Setting up libbrotli1:amd64 (1.0.9-2+b6) ...
2025-07-18T13:59:30.6424825Z Setting up libsasl2-modules:amd64 (2.1.28+dfsg-10) ...
2025-07-18T13:59:30.6465921Z Setting up libnghttp2-14:amd64 (1.52.0-1+deb12u2) ...
2025-07-18T13:59:30.6471482Z Setting up libnss-systemd:amd64 (252.38-1~deb12u1) ...
2025-07-18T13:59:30.6543869Z Setting up krb5-locales (1.20.1-2+deb12u3) ...
2025-07-18T13:59:30.6548908Z Setting up libldap-common (2.5.13+dfsg-5) ...
2025-07-18T13:59:30.6555463Z Setting up xxd (2:9.0.1378-2+deb12u2) ...
2025-07-18T13:59:30.6560718Z Setting up libkrb5support0:amd64 (1.20.1-2+deb12u3) ...
2025-07-18T13:59:30.6565935Z Setting up libsasl2-modules-db:amd64 (2.1.28+dfsg-10) ...
2025-07-18T13:59:30.6571350Z Setting up vim-common (2:9.0.1378-2+deb12u2) ...
2025-07-18T13:59:30.6587369Z Setting up libx11-data (2:1.8.4-2+deb12u2) ...
2025-07-18T13:59:30.6592814Z Setting up librtmp1:amd64 (2.4+20151223.gitfa8646d.1-2+b2) ...
2025-07-18T13:59:30.6598419Z Setting up libdbus-1-3:amd64 (1.14.10-1~deb12u1) ...
2025-07-18T13:59:30.6603838Z Setting up libproc2-0:amd64 (2:4.0.2-3) ...
2025-07-18T13:59:30.6609391Z Setting up systemd-timesyncd (252.38-1~deb12u1) ...
2025-07-18T13:59:30.6671611Z Creating group 'systemd-timesync' with GID 997.
2025-07-18T13:59:30.6671863Z 
2025-07-18T13:59:30.6674901Z Creating user 'systemd-timesync' (systemd Time Synchronization) with UID 997 and GID 997.
2025-07-18T13:59:30.6675333Z 
2025-07-18T13:59:30.7629330Z Created symlink /etc/systemd/system/dbus-org.freedesktop.timesync1.service → /lib/systemd/system/systemd-timesyncd.service.
2025-07-18T13:59:30.7630174Z 
2025-07-18T13:59:30.7631132Z Created symlink /etc/systemd/system/sysinit.target.wants/systemd-timesyncd.service → /lib/systemd/system/systemd-timesyncd.service.
2025-07-18T13:59:30.7631977Z 
2025-07-18T13:59:30.7658767Z Setting up sudo (1.9.13p3-1+deb12u2) ...
2025-07-18T13:59:30.7847720Z invoke-rc.d: could not determine current runlevel
2025-07-18T13:59:30.7875459Z invoke-rc.d: policy-rc.d denied execution of start.
2025-07-18T13:59:30.7882080Z Setting up libncursesw6:amd64 (6.4-4) ...
2025-07-18T13:59:30.7888705Z Setting up libk5crypto3:amd64 (1.20.1-2+deb12u3) ...
2025-07-18T13:59:30.7894834Z Setting up libsasl2-2:amd64 (2.1.28+dfsg-10) ...
2025-07-18T13:59:30.7900916Z Setting up sensible-utils (0.0.17+nmu1) ...
2025-07-18T13:59:30.7906466Z Setting up dbus-session-bus-common (1.14.10-1~deb12u1) ...
2025-07-18T13:59:30.7912796Z Setting up procps (2:4.0.2-3) ...
2025-07-18T13:59:30.8075297Z Setting up libssh2-1:amd64 (1.10.0-3+b1) ...
2025-07-18T13:59:30.8081537Z Setting up libkrb5-3:amd64 (1.20.1-2+deb12u3) ...
2025-07-18T13:59:30.8087255Z Setting up vim-runtime (2:9.0.1378-2+deb12u2) ...
2025-07-18T13:59:30.8681996Z Setting up dbus-system-bus-common (1.14.10-1~deb12u1) ...
2025-07-18T13:59:30.9078471Z Setting up libfido2-1:amd64 (1.12.0-2+b1) ...
2025-07-18T13:59:30.9084092Z Setting up openssl (3.0.16-1~deb12u1) ...
2025-07-18T13:59:30.9101198Z Setting up libbsd0:amd64 (0.11.7-2) ...
2025-07-18T13:59:30.9106919Z Setting up publicsuffix (20230209.2326-1) ...
2025-07-18T13:59:30.9112540Z Setting up dbus-bin (1.14.10-1~deb12u1) ...
2025-07-18T13:59:30.9117950Z Setting up ncurses-term (6.4-4) ...
2025-07-18T13:59:30.9123859Z Setting up libxdmcp6:amd64 (1:1.1.2-3) ...
2025-07-18T13:59:30.9130040Z Setting up libxcb1:amd64 (1.15-1) ...
2025-07-18T13:59:30.9135751Z Setting up vim (2:9.0.1378-2+deb12u2) ...
2025-07-18T13:59:30.9154304Z update-alternatives: using /usr/bin/vim.basic to provide /usr/bin/editor (editor) in auto mode
2025-07-18T13:59:30.9157053Z update-alternatives: warning: skip creation of /usr/share/man/man1/editor.1.gz because associated file /usr/share/man/man1/vim.1.gz (of link group editor) doesn't exist
2025-07-18T13:59:30.9159446Z update-alternatives: warning: skip creation of /usr/share/man/da/man1/editor.1.gz because associated file /usr/share/man/da/man1/vim.1.gz (of link group editor) doesn't exist
2025-07-18T13:59:30.9161466Z update-alternatives: warning: skip creation of /usr/share/man/de/man1/editor.1.gz because associated file /usr/share/man/de/man1/vim.1.gz (of link group editor) doesn't exist
2025-07-18T13:59:30.9162784Z update-alternatives: warning: skip creation of /usr/share/man/fr/man1/editor.1.gz because associated file /usr/share/man/fr/man1/vim.1.gz (of link group editor) doesn't exist
2025-07-18T13:59:30.9163992Z update-alternatives: warning: skip creation of /usr/share/man/it/man1/editor.1.gz because associated file /usr/share/man/it/man1/vim.1.gz (of link group editor) doesn't exist
2025-07-18T13:59:30.9165321Z update-alternatives: warning: skip creation of /usr/share/man/ja/man1/editor.1.gz because associated file /usr/share/man/ja/man1/vim.1.gz (of link group editor) doesn't exist
2025-07-18T13:59:30.9166443Z update-alternatives: warning: skip creation of /usr/share/man/pl/man1/editor.1.gz because associated file /usr/share/man/pl/man1/vim.1.gz (of link group editor) doesn't exist
2025-07-18T13:59:30.9167539Z update-alternatives: warning: skip creation of /usr/share/man/ru/man1/editor.1.gz because associated file /usr/share/man/ru/man1/vim.1.gz (of link group editor) doesn't exist
2025-07-18T13:59:30.9168976Z update-alternatives: warning: skip creation of /usr/share/man/tr/man1/editor.1.gz because associated file /usr/share/man/tr/man1/vim.1.gz (of link group editor) doesn't exist
2025-07-18T13:59:30.9170241Z update-alternatives: using /usr/bin/vim.basic to provide /usr/bin/ex (ex) in auto mode
2025-07-18T13:59:30.9171734Z update-alternatives: warning: skip creation of /usr/share/man/man1/ex.1.gz because associated file /usr/share/man/man1/vim.1.gz (of link group ex) doesn't exist
2025-07-18T13:59:30.9173016Z update-alternatives: warning: skip creation of /usr/share/man/da/man1/ex.1.gz because associated file /usr/share/man/da/man1/vim.1.gz (of link group ex) doesn't exist
2025-07-18T13:59:30.9174045Z update-alternatives: warning: skip creation of /usr/share/man/de/man1/ex.1.gz because associated file /usr/share/man/de/man1/vim.1.gz (of link group ex) doesn't exist
2025-07-18T13:59:30.9175070Z update-alternatives: warning: skip creation of /usr/share/man/fr/man1/ex.1.gz because associated file /usr/share/man/fr/man1/vim.1.gz (of link group ex) doesn't exist
2025-07-18T13:59:30.9176282Z update-alternatives: warning: skip creation of /usr/share/man/it/man1/ex.1.gz because associated file /usr/share/man/it/man1/vim.1.gz (of link group ex) doesn't exist
2025-07-18T13:59:30.9177317Z update-alternatives: warning: skip creation of /usr/share/man/ja/man1/ex.1.gz because associated file /usr/share/man/ja/man1/vim.1.gz (of link group ex) doesn't exist
2025-07-18T13:59:30.9178750Z update-alternatives: warning: skip creation of /usr/share/man/pl/man1/ex.1.gz because associated file /usr/share/man/pl/man1/vim.1.gz (of link group ex) doesn't exist
2025-07-18T13:59:30.9179852Z update-alternatives: warning: skip creation of /usr/share/man/ru/man1/ex.1.gz because associated file /usr/share/man/ru/man1/vim.1.gz (of link group ex) doesn't exist
2025-07-18T13:59:30.9180883Z update-alternatives: warning: skip creation of /usr/share/man/tr/man1/ex.1.gz because associated file /usr/share/man/tr/man1/vim.1.gz (of link group ex) doesn't exist
2025-07-18T13:59:30.9183512Z update-alternatives: using /usr/bin/vim.basic to provide /usr/bin/rview (rview) in auto mode
2025-07-18T13:59:30.9194787Z update-alternatives: using /usr/bin/vim.basic to provide /usr/bin/rvim (rvim) in auto mode
2025-07-18T13:59:30.9205906Z update-alternatives: using /usr/bin/vim.basic to provide /usr/bin/vi (vi) in auto mode
2025-07-18T13:59:30.9208005Z update-alternatives: warning: skip creation of /usr/share/man/man1/vi.1.gz because associated file /usr/share/man/man1/vim.1.gz (of link group vi) doesn't exist
2025-07-18T13:59:30.9210279Z update-alternatives: warning: skip creation of /usr/share/man/da/man1/vi.1.gz because associated file /usr/share/man/da/man1/vim.1.gz (of link group vi) doesn't exist
2025-07-18T13:59:30.9212168Z update-alternatives: warning: skip creation of /usr/share/man/de/man1/vi.1.gz because associated file /usr/share/man/de/man1/vim.1.gz (of link group vi) doesn't exist
2025-07-18T13:59:30.9213841Z update-alternatives: warning: skip creation of /usr/share/man/fr/man1/vi.1.gz because associated file /usr/share/man/fr/man1/vim.1.gz (of link group vi) doesn't exist
2025-07-18T13:59:30.9214930Z update-alternatives: warning: skip creation of /usr/share/man/it/man1/vi.1.gz because associated file /usr/share/man/it/man1/vim.1.gz (of link group vi) doesn't exist
2025-07-18T13:59:30.9216152Z update-alternatives: warning: skip creation of /usr/share/man/ja/man1/vi.1.gz because associated file /usr/share/man/ja/man1/vim.1.gz (of link group vi) doesn't exist
2025-07-18T13:59:30.9217205Z update-alternatives: warning: skip creation of /usr/share/man/pl/man1/vi.1.gz because associated file /usr/share/man/pl/man1/vim.1.gz (of link group vi) doesn't exist
2025-07-18T13:59:30.9218467Z update-alternatives: warning: skip creation of /usr/share/man/ru/man1/vi.1.gz because associated file /usr/share/man/ru/man1/vim.1.gz (of link group vi) doesn't exist
2025-07-18T13:59:30.9219498Z update-alternatives: warning: skip creation of /usr/share/man/tr/man1/vi.1.gz because associated file /usr/share/man/tr/man1/vim.1.gz (of link group vi) doesn't exist
2025-07-18T13:59:30.9220746Z update-alternatives: using /usr/bin/vim.basic to provide /usr/bin/view (view) in auto mode
2025-07-18T13:59:30.9222676Z update-alternatives: warning: skip creation of /usr/share/man/man1/view.1.gz because associated file /usr/share/man/man1/vim.1.gz (of link group view) doesn't exist
2025-07-18T13:59:30.9224273Z update-alternatives: warning: skip creation of /usr/share/man/da/man1/view.1.gz because associated file /usr/share/man/da/man1/vim.1.gz (of link group view) doesn't exist
2025-07-18T13:59:30.9225359Z update-alternatives: warning: skip creation of /usr/share/man/de/man1/view.1.gz because associated file /usr/share/man/de/man1/vim.1.gz (of link group view) doesn't exist
2025-07-18T13:59:30.9226438Z update-alternatives: warning: skip creation of /usr/share/man/fr/man1/view.1.gz because associated file /usr/share/man/fr/man1/vim.1.gz (of link group view) doesn't exist
2025-07-18T13:59:30.9228605Z update-alternatives: warning: skip creation of /usr/share/man/it/man1/view.1.gz because associated file /usr/share/man/it/man1/vim.1.gz (of link group view) doesn't exist
2025-07-18T13:59:30.9230961Z update-alternatives: warning: skip creation of /usr/share/man/ja/man1/view.1.gz because associated file /usr/share/man/ja/man1/vim.1.gz (of link group view) doesn't exist
2025-07-18T13:59:30.9232994Z update-alternatives: warning: skip creation of /usr/share/man/pl/man1/view.1.gz because associated file /usr/share/man/pl/man1/vim.1.gz (of link group view) doesn't exist
2025-07-18T13:59:30.9234987Z update-alternatives: warning: skip creation of /usr/share/man/ru/man1/view.1.gz because associated file /usr/share/man/ru/man1/vim.1.gz (of link group view) doesn't exist
2025-07-18T13:59:30.9236970Z update-alternatives: warning: skip creation of /usr/share/man/tr/man1/view.1.gz because associated file /usr/share/man/tr/man1/vim.1.gz (of link group view) doesn't exist
2025-07-18T13:59:30.9238667Z update-alternatives: using /usr/bin/vim.basic to provide /usr/bin/vim (vim) in auto mode
2025-07-18T13:59:30.9249787Z update-alternatives: using /usr/bin/vim.basic to provide /usr/bin/vimdiff (vimdiff) in auto mode
2025-07-18T13:59:30.9256771Z Setting up libedit2:amd64 (3.1-20221030-2) ...
2025-07-18T13:59:30.9262684Z Setting up dbus-daemon (1.14.10-1~deb12u1) ...
2025-07-18T13:59:30.9346658Z Setting up libldap-2.5-0:amd64 (2.5.13+dfsg-5) ...
2025-07-18T13:59:30.9353024Z Setting up ca-certificates (20230311+deb12u1) ...
2025-07-18T13:59:30.9967692Z debconf: unable to initialize frontend: Dialog
2025-07-18T13:59:30.9968569Z debconf: (TERM is not set, so the dialog frontend is not usable.)
2025-07-18T13:59:30.9969188Z debconf: falling back to frontend: Readline
2025-07-18T13:59:30.9970233Z debconf: unable to initialize frontend: Readline
2025-07-18T13:59:30.9973397Z debconf: (Can't locate Term/ReadLine.pm in @INC (you may need to install the Term::ReadLine module) (@INC contains: /etc/perl /usr/local/lib/x86_64-linux-gnu/perl/5.36.0 /usr/local/share/perl/5.36.0 /usr/lib/x86_64-linux-gnu/perl5/5.36 /usr/share/perl5 /usr/lib/x86_64-linux-gnu/perl-base /usr/lib/x86_64-linux-gnu/perl/5.36 /usr/share/perl/5.36 /usr/local/lib/site_perl) at /usr/share/perl5/Debconf/FrontEnd/Readline.pm line 7.)
2025-07-18T13:59:30.9976154Z debconf: falling back to frontend: Teletype
2025-07-18T13:59:31.3570114Z Updating certificates in /etc/ssl/certs...
2025-07-18T13:59:31.8655635Z 142 added, 0 removed; done.
2025-07-18T13:59:31.8754583Z Setting up dbus (1.14.10-1~deb12u1) ...
2025-07-18T13:59:31.8904755Z invoke-rc.d: could not determine current runlevel
2025-07-18T13:59:31.8935968Z invoke-rc.d: policy-rc.d denied execution of start.
2025-07-18T13:59:31.8942452Z Setting up libgssapi-krb5-2:amd64 (1.20.1-2+deb12u3) ...
2025-07-18T13:59:31.8958440Z Setting up ucf (3.0043+nmu1+deb12u1) ...
2025-07-18T13:59:31.9546245Z debconf: unable to initialize frontend: Dialog
2025-07-18T13:59:31.9547081Z debconf: (TERM is not set, so the dialog frontend is not usable.)
2025-07-18T13:59:31.9547733Z debconf: falling back to frontend: Readline
2025-07-18T13:59:31.9548788Z debconf: unable to initialize frontend: Readline
2025-07-18T13:59:31.9551609Z debconf: (Can't locate Term/ReadLine.pm in @INC (you may need to install the Term::ReadLine module) (@INC contains: /etc/perl /usr/local/lib/x86_64-linux-gnu/perl/5.36.0 /usr/local/share/perl/5.36.0 /usr/lib/x86_64-linux-gnu/perl5/5.36 /usr/share/perl5 /usr/lib/x86_64-linux-gnu/perl-base /usr/lib/x86_64-linux-gnu/perl/5.36 /usr/share/perl/5.36 /usr/local/lib/site_perl) at /usr/share/perl5/Debconf/FrontEnd/Readline.pm line 7.)
2025-07-18T13:59:31.9554307Z debconf: falling back to frontend: Teletype
2025-07-18T13:59:31.9720821Z Setting up libpam-systemd:amd64 (252.38-1~deb12u1) ...
2025-07-18T13:59:32.0329402Z debconf: unable to initialize frontend: Dialog
2025-07-18T13:59:32.0330084Z debconf: (TERM is not set, so the dialog frontend is not usable.)
2025-07-18T13:59:32.0330729Z debconf: falling back to frontend: Readline
2025-07-18T13:59:32.0331325Z debconf: unable to initialize frontend: Readline
2025-07-18T13:59:32.0334519Z debconf: (Can't locate Term/ReadLine.pm in @INC (you may need to install the Term::ReadLine module) (@INC contains: /etc/perl /usr/local/lib/x86_64-linux-gnu/perl/5.36.0 /usr/local/share/perl/5.36.0 /usr/lib/x86_64-linux-gnu/perl5/5.36 /usr/share/perl5 /usr/lib/x86_64-linux-gnu/perl-base /usr/lib/x86_64-linux-gnu/perl/5.36 /usr/share/perl/5.36 /usr/local/lib/site_perl) at /usr/share/perl5/Debconf/FrontEnd/Readline.pm line 7.)
2025-07-18T13:59:32.0337166Z debconf: falling back to frontend: Teletype
2025-07-18T13:59:32.0756398Z Setting up libcurl4:amd64 (7.88.1-10+deb12u12) ...
2025-07-18T13:59:32.0762604Z Setting up libx11-6:amd64 (2:1.8.4-2+deb12u2) ...
2025-07-18T13:59:32.0768487Z Setting up curl (7.88.1-10+deb12u12) ...
2025-07-18T13:59:32.0774462Z Setting up libxmuu1:amd64 (2:1.1.3-3) ...
2025-07-18T13:59:32.0780787Z Setting up libtirpc3:amd64 (1.3.3+ds-1) ...
2025-07-18T13:59:32.0786752Z Setting up openssh-client (1:9.2p1-2+deb12u6) ...
2025-07-18T13:59:32.1194791Z Setting up libxext6:amd64 (2:1.3.4-1+b1) ...
2025-07-18T13:59:32.1201061Z Setting up dbus-user-session (1.14.10-1~deb12u1) ...
2025-07-18T13:59:32.1209680Z Setting up xauth (1:1.1.2-1) ...
2025-07-18T13:59:32.1215434Z Setting up libnsl2:amd64 (1.3.0-2) ...
2025-07-18T13:59:32.1222056Z Setting up openssh-sftp-server (1:9.2p1-2+deb12u6) ...
2025-07-18T13:59:32.1228349Z Setting up libwrap0:amd64 (7.6.q-32) ...
2025-07-18T13:59:32.1255815Z Setting up openssh-server (1:9.2p1-2+deb12u6) ...
2025-07-18T13:59:32.1861261Z debconf: unable to initialize frontend: Dialog
2025-07-18T13:59:32.1861956Z debconf: (TERM is not set, so the dialog frontend is not usable.)
2025-07-18T13:59:32.1862597Z debconf: falling back to frontend: Readline
2025-07-18T13:59:32.1864086Z debconf: unable to initialize frontend: Readline
2025-07-18T13:59:32.1866937Z debconf: (Can't locate Term/ReadLine.pm in @INC (you may need to install the Term::ReadLine module) (@INC contains: /etc/perl /usr/local/lib/x86_64-linux-gnu/perl/5.36.0 /usr/local/share/perl/5.36.0 /usr/lib/x86_64-linux-gnu/perl5/5.36 /usr/share/perl5 /usr/lib/x86_64-linux-gnu/perl-base /usr/lib/x86_64-linux-gnu/perl/5.36 /usr/share/perl/5.36 /usr/local/lib/site_perl) at /usr/share/perl5/Debconf/FrontEnd/Readline.pm line 7.)
2025-07-18T13:59:32.1870142Z debconf: falling back to frontend: Teletype
2025-07-18T13:59:32.2344441Z 
2025-07-18T13:59:32.2344901Z Creating config file /etc/ssh/sshd_config with new version
2025-07-18T13:59:32.5479462Z Creating SSH2 RSA key; this may take some time ...
2025-07-18T13:59:32.5510365Z 3072 SHA256:QrM0/qFoSiF0zn7cxxhMn9ttwE5Z+vzOTc1AjahpB0U root@4a0bfb211517 (RSA)
2025-07-18T13:59:32.5569882Z Creating SSH2 ECDSA key; this may take some time ...
2025-07-18T13:59:32.5600044Z 256 SHA256:oKD1+l2BkGPiaqLOAyzQK/HeSmAh1p+KEs6LB8n7DjE root@4a0bfb211517 (ECDSA)
2025-07-18T13:59:32.5653258Z Creating SSH2 ED25519 key; this may take some time ...
2025-07-18T13:59:32.5681423Z 256 SHA256:TwX+rqh3XxIdYwWbsJEJRq45GcEcEZ6ruwVfbLzvUZU root@4a0bfb211517 (ED25519)
2025-07-18T13:59:32.6184818Z invoke-rc.d: could not determine current runlevel
2025-07-18T13:59:32.6212971Z invoke-rc.d: policy-rc.d denied execution of start.
2025-07-18T13:59:32.7146434Z Created symlink /etc/systemd/system/sshd.service → /lib/systemd/system/ssh.service.
2025-07-18T13:59:32.7146809Z 
2025-07-18T13:59:32.7147337Z Created symlink /etc/systemd/system/multi-user.target.wants/ssh.service → /lib/systemd/system/ssh.service.
2025-07-18T13:59:32.7147819Z 
2025-07-18T13:59:32.7846112Z Processing triggers for libc-bin (2.36-9+deb12u10) ...
2025-07-18T13:59:32.7925701Z Processing triggers for ca-certificates (20230311+deb12u1) ...
2025-07-18T13:59:32.7955653Z Updating certificates in /etc/ssl/certs...
2025-07-18T13:59:33.1997418Z 0 added, 0 removed; done.
2025-07-18T13:59:33.1997956Z Running hooks in /etc/ca-certificates/update.d...
2025-07-18T13:59:33.2007090Z done.
2025-07-18T13:59:34.7137262Z --> 29912c6f5b8d
2025-07-18T13:59:34.7173424Z STEP 3/10: RUN mkdir -p /var/run/sshd
2025-07-18T13:59:34.9182447Z --> 1f43cb74dc4f
2025-07-18T13:59:34.9220434Z STEP 4/10: RUN useradd -m -s /bin/bash testuser &&     echo "testuser ALL=(ALL) NOPASSWD:ALL" >> /etc/sudoers
2025-07-18T13:59:35.1240159Z --> 4bcc0ea7c8ed
2025-07-18T13:59:35.1280788Z STEP 5/10: RUN mkdir -p /home/testuser/.ssh &&     chown testuser:testuser /home/testuser/.ssh &&     chmod 700 /home/testuser/.ssh
2025-07-18T13:59:35.3164351Z --> efcba4cec389
2025-07-18T13:59:35.3200502Z STEP 6/10: COPY id_ed25519.pub /home/testuser/.ssh/authorized_keys
2025-07-18T13:59:35.4333423Z --> d79d5da22b2f
2025-07-18T13:59:35.4377586Z STEP 7/10: RUN chown testuser:testuser /home/testuser/.ssh/authorized_keys &&     chmod 600 /home/testuser/.ssh/authorized_keys
2025-07-18T13:59:35.6264246Z --> ca8a97c2d8a2
2025-07-18T13:59:35.6313784Z STEP 8/10: RUN sed -i 's/#PermitRootLogin prohibit-password/PermitRootLogin no/' /etc/ssh/sshd_config &&     sed -i 's/#PubkeyAuthentication yes/PubkeyAuthentication yes/' /etc/ssh/sshd_config &&     sed -i 's/#PasswordAuthentication yes/PasswordAuthentication no/' /etc/ssh/sshd_config &&     sed -i 's/#AuthorizedKeysFile/AuthorizedKeysFile/' /etc/ssh/sshd_config
2025-07-18T13:59:35.8192913Z --> ca912802c906
2025-07-18T13:59:35.8232785Z STEP 9/10: EXPOSE 22
2025-07-18T13:59:35.8376352Z --> 14d6413a6f5b
2025-07-18T13:59:35.8416723Z STEP 10/10: CMD ["/usr/sbin/sshd", "-D"]
2025-07-18T13:59:35.8417224Z COMMIT spooky-test-ssh
2025-07-18T13:59:35.8539759Z --> 48f540467f5a
2025-07-18T13:59:35.8540488Z Successfully tagged localhost/spooky-test-ssh:latest
2025-07-18T13:59:36.0287703Z 48f540467f5a059ac80bf18ab14c782476978052dfd9e9aa743ce08fe3cb8ab1
2025-07-18T13:59:36.0991499Z REPOSITORY                 TAG         IMAGE ID      CREATED       SIZE
2025-07-18T13:59:36.0992272Z localhost/spooky-test-ssh  latest      48f540467f5a  1 second ago  175 MB
2025-07-18T13:59:36.0993445Z docker.io/library/debian   12-slim     19e789b9b50f  2 weeks ago   77.9 MB
2025-07-18T13:59:36.1040718Z ##[group]Run # Start the SSH container
2025-07-18T13:59:36.1041297Z [36;1m# Start the SSH container[0m
2025-07-18T13:59:36.1041536Z [36;1mpodman run -d \[0m
2025-07-18T13:59:36.1041768Z [36;1m  --name spooky-test-server \[0m
2025-07-18T13:59:36.1042016Z [36;1m  -p 2222:22 \[0m
2025-07-18T13:59:36.1042223Z [36;1m  spooky-test-ssh[0m
2025-07-18T13:59:36.1042640Z [36;1m[0m
2025-07-18T13:59:36.1042824Z [36;1m# Wait for container to be ready[0m
2025-07-18T13:59:36.1043059Z [36;1msleep 10[0m
2025-07-18T13:59:36.1043232Z [36;1m[0m
2025-07-18T13:59:36.1043403Z [36;1m# Verify container is running[0m
2025-07-18T13:59:36.1043629Z [36;1mpodman ps[0m
2025-07-18T13:59:36.1043807Z [36;1m[0m
2025-07-18T13:59:36.1043968Z [36;1m# Get container IP[0m
2025-07-18T13:59:36.1044373Z [36;1mCONTAINER_IP=$(podman inspect spooky-test-server --format='{{.NetworkSettings.IPAddress}}')[0m
2025-07-18T13:59:36.1044854Z [36;1mecho "Container IP: $CONTAINER_IP"[0m
2025-07-18T13:59:36.1045121Z [36;1m[0m
2025-07-18T13:59:36.1045283Z [36;1m# Test SSH connection[0m
2025-07-18T13:59:36.1045516Z [36;1mecho "Testing SSH connection..."[0m
2025-07-18T13:59:36.1046122Z [36;1mtimeout 30 bash -c 'until ssh -o StrictHostKeyChecking=no -o ConnectTimeout=5 -p 2222 testuser@localhost "echo SSH connection successful"; do sleep 2; done'[0m
2025-07-18T13:59:36.1046737Z [36;1m[0m
2025-07-18T13:59:36.1046907Z [36;1m# Store container info for tests[0m
2025-07-18T13:59:36.1047197Z [36;1mecho "CONTAINER_IP=$CONTAINER_IP" >> $GITHUB_ENV[0m
2025-07-18T13:59:36.1047499Z [36;1mecho "SSH_PORT=2222" >> $GITHUB_ENV[0m
2025-07-18T13:59:36.1075623Z shell: /usr/bin/bash -e {0}
2025-07-18T13:59:36.1075855Z ##[endgroup]
2025-07-18T13:59:36.5760299Z 75565e543b8f8fa8d2ad0e3c4dbc67a365752ab688f86a8833860f13edf17f9b
2025-07-18T13:59:46.6158317Z CONTAINER ID  IMAGE                             COMMAND            CREATED         STATUS         PORTS                 NAMES
2025-07-18T13:59:46.6160523Z 75565e543b8f  localhost/spooky-test-ssh:latest  /usr/sbin/sshd -D  10 seconds ago  Up 10 seconds  0.0.0.0:2222->22/tcp  spooky-test-server
2025-07-18T13:59:46.6621606Z Container IP: 
2025-07-18T13:59:46.6622648Z Testing SSH connection...
2025-07-18T13:59:46.7780893Z Warning: Permanently added '[localhost]:2222' (ED25519) to the list of known hosts.
2025-07-18T13:59:46.9094850Z SSH connection successful
2025-07-18T13:59:46.9147163Z ##[group]Run # Set environment variables for tests
2025-07-18T13:59:46.9147530Z [36;1m# Set environment variables for tests[0m
2025-07-18T13:59:46.9147818Z [36;1mexport SPOOKY_TEST_SSH_HOST=localhost[0m
2025-07-18T13:59:46.9148326Z [36;1mexport SPOOKY_TEST_SSH_PORT=2222[0m
2025-07-18T13:59:46.9148652Z [36;1mexport SPOOKY_TEST_SSH_USER=testuser[0m
2025-07-18T13:59:46.9148953Z [36;1mexport SPOOKY_TEST_SSH_KEY=~/.ssh/id_ed25519[0m
2025-07-18T13:59:46.9149232Z [36;1m[0m
2025-07-18T13:59:46.9149434Z [36;1m# Run integration tests with podman flag[0m
2025-07-18T13:59:46.9149732Z [36;1mgo test ./tests/integration -v -podman[0m
2025-07-18T13:59:46.9177579Z shell: /usr/bin/bash -e {0}
2025-07-18T13:59:46.9177802Z env:
2025-07-18T13:59:46.9177979Z   CONTAINER_IP: 
2025-07-18T13:59:46.9178376Z   SSH_PORT: 2222
2025-07-18T13:59:46.9178549Z ##[endgroup]
2025-07-18T13:59:51.8548705Z === RUN   TestPodmanBasicEnvironment
2025-07-18T13:59:51.8551687Z     podman_basic_test.go:20: Skipping basic Podman tests. Use -podman-basic flag to run.
2025-07-18T13:59:51.8552467Z --- SKIP: TestPodmanBasicEnvironment (0.00s)
2025-07-18T13:59:51.8553008Z === RUN   TestPodmanCIIntegration
2025-07-18T13:59:51.8554039Z     podman_ci_test.go:31: Testing SSH connection to testuser@localhost:2222 using key /home/runner/.ssh/id_ed25519
2025-07-18T13:59:51.8554933Z === RUN   TestPodmanCIIntegration/SSH_Connection
2025-07-18T13:59:51.8555898Z {"level":"info","timestamp":"2025-07-18T13:59:51.854Z","caller":"logging/logger.go:129","msg":"Creating SSH client","server":"test-server","host":"localhost","port":22,"user":"testuser","timeout_seconds":30,"host_key_type":"insecure"}
2025-07-18T13:59:51.9436140Z {"level":"error","timestamp":"2025-07-18T13:59:51.942Z","caller":"logging/logger.go:143","msg":"Failed to establish SSH connection","server":"test-server","host":"localhost","port":22,"user":"testuser","duration_ms":87,"error":"ssh: handshake failed: ssh: unable to authenticate, attempted methods [none publickey], no supported methods remain","stacktrace":"spooky/internal/logging.(*zapLogger).Error\n\t/home/runner/work/spooky/spooky/internal/logging/logger.go:143\nspooky/internal/ssh.NewSSHClientWithHostKeyCallback\n\t/home/runner/work/spooky/spooky/internal/ssh/client.go:147\nspooky/internal/ssh.NewSSHClient\n\t/home/runner/work/spooky/spooky/internal/ssh/client.go:65\nspooky/tests/integration.TestPodmanCIIntegration.func1\n\t/home/runner/work/spooky/spooky/tests/integration/podman_ci_test.go:46\ntesting.tRunner\n\t/opt/hostedtoolcache/go/1.24.4/x64/src/testing/testing.go:1792"}
2025-07-18T13:59:51.9442540Z     podman_ci_test.go:48: Failed to create SSH client: failed to connect to testuser@localhost:22: ssh: handshake failed: ssh: unable to authenticate, attempted methods [none publickey], no supported methods remain
2025-07-18T13:59:51.9443390Z === RUN   TestPodmanCIIntegration/Configuration_Execution
2025-07-18T13:59:51.9444296Z {"level":"info","timestamp":"2025-07-18T13:59:51.943Z","caller":"logging/logger.go:129","msg":"Parsing configuration file","config_file":"/tmp/TestPodmanCIIntegrationConfiguration_Execution3923462879/001/test-config.hcl"}
2025-07-18T13:59:51.9448285Z {"level":"error","timestamp":"2025-07-18T13:59:51.943Z","caller":"logging/logger.go:143","msg":"Failed to decode configuration","config_file":"/tmp/TestPodmanCIIntegrationConfiguration_Execution3923462879/001/test-config.hcl","error":"/tmp/TestPodmanCIIntegrationConfiguration_Execution3923462879/001/test-config.hcl:7,3-16: Unsupported argument; An argument named \"host_key_type\" is not expected here.","stacktrace":"spooky/internal/logging.(*zapLogger).Error\n\t/home/runner/work/spooky/spooky/internal/logging/logger.go:143\nspooky/internal/config.ParseConfig\n\t/home/runner/work/spooky/spooky/internal/config/parser.go:63\nspooky/tests/integration.TestPodmanCIIntegration.func2\n\t/home/runner/work/spooky/spooky/tests/integration/podman_ci_test.go:95\ntesting.tRunner\n\t/opt/hostedtoolcache/go/1.24.4/x64/src/testing/testing.go:1792"}
2025-07-18T13:59:51.9452412Z     podman_ci_test.go:97: Failed to parse config: failed to decode configuration: /tmp/TestPodmanCIIntegrationConfiguration_Execution3923462879/001/test-config.hcl:7,3-16: Unsupported argument; An argument named "host_key_type" is not expected here.
2025-07-18T13:59:51.9453373Z === RUN   TestPodmanCIIntegration/Script_Execution
2025-07-18T13:59:51.9454191Z {"level":"info","timestamp":"2025-07-18T13:59:51.943Z","caller":"logging/logger.go:129","msg":"Creating SSH client","server":"test-server","host":"localhost","port":22,"user":"testuser","timeout_seconds":30,"host_key_type":"insecure"}
2025-07-18T13:59:51.9634279Z {"level":"error","timestamp":"2025-07-18T13:59:51.962Z","caller":"logging/logger.go:143","msg":"Failed to establish SSH connection","server":"test-server","host":"localhost","port":22,"user":"testuser","duration_ms":18,"error":"ssh: handshake failed: ssh: unable to authenticate, attempted methods [none publickey], no supported methods remain","stacktrace":"spooky/internal/logging.(*zapLogger).Error\n\t/home/runner/work/spooky/spooky/internal/logging/logger.go:143\nspooky/internal/ssh.NewSSHClientWithHostKeyCallback\n\t/home/runner/work/spooky/spooky/internal/ssh/client.go:147\nspooky/internal/ssh.NewSSHClient\n\t/home/runner/work/spooky/spooky/internal/ssh/client.go:65\nspooky/tests/integration.TestPodmanCIIntegration.func3\n\t/home/runner/work/spooky/spooky/tests/integration/podman_ci_test.go:137\ntesting.tRunner\n\t/opt/hostedtoolcache/go/1.24.4/x64/src/testing/testing.go:1792"}
2025-07-18T13:59:51.9641265Z     podman_ci_test.go:139: Failed to create SSH client: failed to connect to testuser@localhost:22: ssh: handshake failed: ssh: unable to authenticate, attempted methods [none publickey], no supported methods remain
2025-07-18T13:59:51.9642561Z === RUN   TestPodmanCIIntegration/Parallel_Execution
2025-07-18T13:59:51.9644062Z {"level":"info","timestamp":"2025-07-18T13:59:51.963Z","caller":"logging/logger.go:129","msg":"Parsing configuration file","config_file":"/tmp/TestPodmanCIIntegrationParallel_Execution2015156389/001/parallel-config.hcl"}
2025-07-18T13:59:51.9649079Z {"level":"error","timestamp":"2025-07-18T13:59:51.963Z","caller":"logging/logger.go:143","msg":"Failed to decode configuration","config_file":"/tmp/TestPodmanCIIntegrationParallel_Execution2015156389/001/parallel-config.hcl","error":"/tmp/TestPodmanCIIntegrationParallel_Execution2015156389/001/parallel-config.hcl:7,3-16: Unsupported argument; An argument named \"host_key_type\" is not expected here.","stacktrace":"spooky/internal/logging.(*zapLogger).Error\n\t/home/runner/work/spooky/spooky/internal/logging/logger.go:143\nspooky/internal/config.ParseConfig\n\t/home/runner/work/spooky/spooky/internal/config/parser.go:63\nspooky/tests/integration.TestPodmanCIIntegration.func4\n\t/home/runner/work/spooky/spooky/tests/integration/podman_ci_test.go:186\ntesting.tRunner\n\t/opt/hostedtoolcache/go/1.24.4/x64/src/testing/testing.go:1792"}
2025-07-18T13:59:51.9652945Z     podman_ci_test.go:188: Failed to parse config: failed to decode configuration: /tmp/TestPodmanCIIntegrationParallel_Execution2015156389/001/parallel-config.hcl:7,3-16: Unsupported argument; An argument named "host_key_type" is not expected here.
2025-07-18T13:59:51.9653888Z === RUN   TestPodmanCIIntegration/Error_Handling
2025-07-18T13:59:51.9654694Z {"level":"info","timestamp":"2025-07-18T13:59:51.963Z","caller":"logging/logger.go:129","msg":"Creating SSH client","server":"test-server","host":"localhost","port":22,"user":"testuser","timeout_seconds":30,"host_key_type":"insecure"}
2025-07-18T13:59:51.9834339Z {"level":"error","timestamp":"2025-07-18T13:59:51.982Z","caller":"logging/logger.go:143","msg":"Failed to establish SSH connection","server":"test-server","host":"localhost","port":22,"user":"testuser","duration_ms":19,"error":"ssh: handshake failed: ssh: unable to authenticate, attempted methods [none publickey], no supported methods remain","stacktrace":"spooky/internal/logging.(*zapLogger).Error\n\t/home/runner/work/spooky/spooky/internal/logging/logger.go:143\nspooky/internal/ssh.NewSSHClientWithHostKeyCallback\n\t/home/runner/work/spooky/spooky/internal/ssh/client.go:147\nspooky/internal/ssh.NewSSHClient\n\t/home/runner/work/spooky/spooky/internal/ssh/client.go:65\nspooky/tests/integration.TestPodmanCIIntegration.func5\n\t/home/runner/work/spooky/spooky/tests/integration/podman_ci_test.go:220\ntesting.tRunner\n\t/opt/hostedtoolcache/go/1.24.4/x64/src/testing/testing.go:1792"}
2025-07-18T13:59:51.9841485Z     podman_ci_test.go:222: Failed to create SSH client: failed to connect to testuser@localhost:22: ssh: handshake failed: ssh: unable to authenticate, attempted methods [none publickey], no supported methods remain
2025-07-18T13:59:51.9842870Z === RUN   TestPodmanCIIntegration/CLI_Commands
2025-07-18T13:59:51.9876902Z     podman_ci_test.go:264: Validate command failed: exit status 1
2025-07-18T13:59:51.9877461Z         Output: package spooky/tests/integration is not a main package
2025-07-18T13:59:51.9878457Z --- FAIL: TestPodmanCIIntegration (0.13s)
2025-07-18T13:59:51.9879194Z     --- FAIL: TestPodmanCIIntegration/SSH_Connection (0.09s)
2025-07-18T13:59:51.9879998Z     --- FAIL: TestPodmanCIIntegration/Configuration_Execution (0.00s)
2025-07-18T13:59:51.9880454Z     --- FAIL: TestPodmanCIIntegration/Script_Execution (0.02s)
2025-07-18T13:59:51.9880890Z     --- FAIL: TestPodmanCIIntegration/Parallel_Execution (0.00s)
2025-07-18T13:59:51.9881523Z     --- FAIL: TestPodmanCIIntegration/Error_Handling (0.02s)
2025-07-18T13:59:51.9881907Z     --- FAIL: TestPodmanCIIntegration/CLI_Commands (0.01s)
2025-07-18T13:59:51.9882214Z === RUN   TestPodmanContainerSetup
2025-07-18T13:59:51.9882522Z === RUN   TestPodmanContainerSetup/Container_Connectivity
2025-07-18T13:59:52.1639916Z     podman_ci_test.go:306: Container connectivity test passed
2025-07-18T13:59:52.1640608Z === RUN   TestPodmanContainerSetup/Container_Environment
2025-07-18T13:59:52.3777107Z     podman_ci_test.go:319: Container environment: Linux 75565e543b8f 6.11.0-1018-azure #18~24.04.1-Ubuntu SMP Sat Jun 28 04:46:03 UTC 2025 x86_64 GNU/Linux
2025-07-18T13:59:52.3778559Z         testuser
2025-07-18T13:59:52.3778934Z         /home/testuser
2025-07-18T13:59:52.3779351Z --- PASS: TestPodmanContainerSetup (0.39s)
2025-07-18T13:59:52.3780125Z     --- PASS: TestPodmanContainerSetup/Container_Connectivity (0.18s)
2025-07-18T13:59:52.3780994Z     --- PASS: TestPodmanContainerSetup/Container_Environment (0.21s)
2025-07-18T13:59:52.3781503Z === RUN   TestPodmanIntegration
2025-07-18T13:59:52.3781915Z === RUN   TestPodmanIntegration/SetupEnvironment
2025-07-18T13:59:52.3782460Z     podman_integration_test.go:157: Setting up Podman test environment...
2025-07-18T13:59:52.3783138Z     podman_integration_test.go:165: Running preflight check...
2025-07-18T13:59:52.3806613Z     podman_integration_test.go:167: Preflight check failed: exit status 1
2025-07-18T13:59:52.3807341Z === RUN   TestPodmanIntegration/TestAuthentication
2025-07-18T13:59:52.3808417Z     podman_integration_test.go:210: Testing authentication across all servers...
2025-07-18T13:59:52.3833672Z     podman_integration_test.go:223: Authentication test failed: exit status 1
2025-07-18T13:59:52.3864341Z ##[error]        Output: stat ../../main.go: no such file or directory
2025-07-18T13:59:52.3872526Z === RUN   TestPodmanIntegration/TestSystemInfo
2025-07-18T13:59:52.3873068Z     podman_integration_test.go:231: Testing system information gathering...
2025-07-18T13:59:52.3873792Z     podman_integration_test.go:244: System info test failed: exit status 1
2025-07-18T13:59:52.3874819Z ##[error]        Output: stat ../../main.go: no such file or directory
2025-07-18T13:59:52.3875647Z === RUN   TestPodmanIntegration/TestFileOperations
2025-07-18T13:59:52.3876108Z     podman_integration_test.go:252: Testing file operations...
2025-07-18T13:59:52.3886026Z     podman_integration_test.go:265: File operations test failed: exit status 1
2025-07-18T13:59:52.3887199Z ##[error]        Output: stat ../../main.go: no such file or directory
2025-07-18T13:59:52.3888816Z === RUN   TestPodmanIntegration/TestSFTPOperations
2025-07-18T13:59:52.3889299Z     podman_integration_test.go:273: Testing SFTP operations...
2025-07-18T13:59:52.3908952Z     podman_integration_test.go:286: SFTP operations test failed: exit status 1
2025-07-18T13:59:52.3910079Z ##[error]        Output: stat ../../main.go: no such file or directory
2025-07-18T13:59:52.3911299Z === RUN   TestPodmanIntegration/TestTagBasedTargeting
2025-07-18T13:59:52.3911937Z     podman_integration_test.go:294: Testing tag-based targeting...
2025-07-18T13:59:52.3912400Z === RUN   TestPodmanIntegration/TestTagBasedTargeting/ProductionServers
2025-07-18T13:59:52.3934495Z     podman_integration_test.go:308: Production servers test failed: exit status 1
2025-07-18T13:59:52.3935438Z ##[error]        Output: stat ../../main.go: no such file or directory
2025-07-18T13:59:52.3936694Z === RUN   TestPodmanIntegration/TestTagBasedTargeting/StagingServers
2025-07-18T13:59:52.3959331Z     podman_integration_test.go:321: Staging servers test failed: exit status 1
2025-07-18T13:59:52.3960455Z ##[error]        Output: stat ../../main.go: no such file or directory
2025-07-18T13:59:52.3961536Z === RUN   TestPodmanIntegration/TestConcurrentOperations
2025-07-18T13:59:52.3962025Z     podman_integration_test.go:329: Testing concurrent operations...
2025-07-18T13:59:52.3984335Z     podman_integration_test.go:342: Concurrent operations test failed: exit status 1
2025-07-18T13:59:52.3985365Z ##[error]        Output: stat ../../main.go: no such file or directory
2025-07-18T13:59:52.3986435Z === RUN   TestPodmanIntegration/TestErrorHandling
2025-07-18T13:59:52.3986891Z     podman_integration_test.go:350: Testing error handling...
2025-07-18T13:59:52.4007455Z     podman_integration_test.go:363: Error handling test output:
2025-07-18T13:59:52.4008619Z ##[error]        stat ../../main.go: no such file or directory
2025-07-18T13:59:52.4009863Z     podman_integration_test.go:365: Error occurred (expected): exit status 1
2025-07-18T13:59:52.4010300Z === RUN   TestPodmanIntegration/TestNetworkConnectivity
2025-07-18T13:59:52.4010983Z     podman_integration_test.go:371: Testing network connectivity...
2025-07-18T13:59:52.4033920Z     podman_integration_test.go:384: Network connectivity test failed: exit status 1
2025-07-18T13:59:52.4035096Z ##[error]        Output: stat ../../main.go: no such file or directory
2025-07-18T13:59:52.4036219Z === NAME  TestPodmanIntegration
2025-07-18T13:59:52.4036803Z     podman_integration_test.go:189: Cleaning up Podman test environment...
2025-07-18T13:59:52.4059050Z     podman_integration_test.go:204: Warning: failed to cleanup test environment: exit status 1
2025-07-18T13:59:52.4059849Z --- FAIL: TestPodmanIntegration (0.03s)
2025-07-18T13:59:52.4060501Z     --- FAIL: TestPodmanIntegration/SetupEnvironment (0.00s)
2025-07-18T13:59:52.4061093Z     --- FAIL: TestPodmanIntegration/TestAuthentication (0.00s)
2025-07-18T13:59:52.4061535Z     --- FAIL: TestPodmanIntegration/TestSystemInfo (0.00s)
2025-07-18T13:59:52.4061992Z     --- FAIL: TestPodmanIntegration/TestFileOperations (0.00s)
2025-07-18T13:59:52.4062417Z     --- FAIL: TestPodmanIntegration/TestSFTPOperations (0.00s)
2025-07-18T13:59:52.4062847Z     --- FAIL: TestPodmanIntegration/TestTagBasedTargeting (0.00s)
2025-07-18T13:59:52.4063448Z         --- FAIL: TestPodmanIntegration/TestTagBasedTargeting/ProductionServers (0.00s)
2025-07-18T13:59:52.4064092Z         --- FAIL: TestPodmanIntegration/TestTagBasedTargeting/StagingServers (0.00s)
2025-07-18T13:59:52.4064611Z     --- FAIL: TestPodmanIntegration/TestConcurrentOperations (0.00s)
2025-07-18T13:59:52.4065051Z     --- PASS: TestPodmanIntegration/TestErrorHandling (0.00s)
2025-07-18T13:59:52.4065491Z     --- FAIL: TestPodmanIntegration/TestNetworkConnectivity (0.00s)
2025-07-18T13:59:52.4065827Z === RUN   TestPodmanEnvironmentSetup
2025-07-18T13:59:52.4066131Z === RUN   TestPodmanEnvironmentSetup/EnvironmentSetup
2025-07-18T13:59:52.4066587Z     podman_integration_test.go:104: Testing basic environment setup...
2025-07-18T13:59:52.4067370Z     podman_integration_test.go:112: Running preflight check...
2025-07-18T13:59:52.4083403Z     podman_integration_test.go:114: Preflight check failed: exit status 1
2025-07-18T13:59:52.4084126Z --- FAIL: TestPodmanEnvironmentSetup (0.00s)
2025-07-18T13:59:52.4084845Z     --- FAIL: TestPodmanEnvironmentSetup/EnvironmentSetup (0.00s)
2025-07-18T13:59:52.4085153Z FAIL
2025-07-18T13:59:52.4092161Z FAIL	spooky/tests/integration	0.558s
2025-07-18T13:59:52.4115760Z FAIL
2025-07-18T13:59:52.4440183Z ##[error]Process completed with exit code 1.
2025-07-18T13:59:52.4478970Z ##[group]Run # Stop and remove containers
2025-07-18T13:59:52.4479339Z [36;1m# Stop and remove containers[0m
2025-07-18T13:59:52.4479627Z [36;1mpodman stop spooky-test-server || true[0m
2025-07-18T13:59:52.4479917Z [36;1mpodman rm spooky-test-server || true[0m
2025-07-18T13:59:52.4480164Z [36;1m[0m
2025-07-18T13:59:52.4480335Z [36;1m# Remove images[0m
2025-07-18T13:59:52.4480560Z [36;1mpodman rmi spooky-test-ssh || true[0m
2025-07-18T13:59:52.4507669Z shell: /usr/bin/bash -e {0}
2025-07-18T13:59:52.4507902Z env:
2025-07-18T13:59:52.4508301Z   CONTAINER_IP: 
2025-07-18T13:59:52.4508591Z   SSH_PORT: 2222
2025-07-18T13:59:52.4508762Z ##[endgroup]
2025-07-18T13:59:52.6133279Z spooky-test-server
2025-07-18T13:59:52.6651325Z spooky-test-server
2025-07-18T13:59:52.9292044Z Untagged: localhost/spooky-test-ssh:latest
2025-07-18T13:59:52.9292938Z Deleted: 48f540467f5a059ac80bf18ab14c782476978052dfd9e9aa743ce08fe3cb8ab1
2025-07-18T13:59:52.9293897Z Deleted: 14d6413a6f5bf0c42c0cdb277a76c98d1aae957cd753fb592bcbc4dd32ce38a4
2025-07-18T13:59:52.9294737Z Deleted: ca912802c906128aa823685791b713cdf133bff475c33a94ec5d9d9f95cffd90
2025-07-18T13:59:52.9295560Z Deleted: ca8a97c2d8a260f460cf3d26d08a5d77f900dda32b6ef88f81ae474b0902f2a4
2025-07-18T13:59:52.9296424Z Deleted: d79d5da22b2f5abe20e0a9fcd359df6ec7ad9c51fc662168f35c1c1dd317b8dc
2025-07-18T13:59:52.9297426Z Deleted: efcba4cec389b14b7e0aa27f700714d6dd7bf52ff0791919e3cb60f394fed2d7
2025-07-18T13:59:52.9298765Z Deleted: 4bcc0ea7c8ed569632de59f1eb21f1e80670871a254273e11a6474c2c546f750
2025-07-18T13:59:52.9299700Z Deleted: 1f43cb74dc4fd640799f825e00841da7aed3bcbbdecaa17299241efe726cd2b0
2025-07-18T13:59:52.9300590Z Deleted: 29912c6f5b8d30f5aabc319d40396cf93a75a885a3e913a89862540fa0b5bd4e
2025-07-18T13:59:52.9401078Z ##[group]Run actions/upload-artifact@v4
2025-07-18T13:59:52.9401555Z with:
2025-07-18T13:59:52.9401847Z   name: test-results
2025-07-18T13:59:52.9402204Z   path: test-results/
*.log

2025-07-18T13:59:52.9402589Z   retention-days: 7
2025-07-18T13:59:52.9402925Z   if-no-files-found: warn
2025-07-18T13:59:52.9403286Z   compression-level: 6
2025-07-18T13:59:52.9403623Z   overwrite: false
2025-07-18T13:59:52.9403959Z   include-hidden-files: false
2025-07-18T13:59:52.9404312Z env:
2025-07-18T13:59:52.9404585Z   CONTAINER_IP: 
2025-07-18T13:59:52.9404882Z   SSH_PORT: 2222
2025-07-18T13:59:52.9405170Z ##[endgroup]
2025-07-18T13:59:53.1585164Z ##[warning]No files were found with the provided path: test-results/
*.log. No artifacts will be uploaded.
2025-07-18T13:59:53.1711880Z Post job cleanup.
2025-07-18T13:59:53.2627237Z [command]/usr/bin/git version
2025-07-18T13:59:53.2663141Z git version 2.50.1
2025-07-18T13:59:53.2705223Z Temporarily overriding HOME='/home/runner/work/_temp/48acd8a3-d90f-4a55-8694-38f2f9cfdc76' before making global git config changes
2025-07-18T13:59:53.2706451Z Adding repository directory to the temporary git global config as a safe directory
2025-07-18T13:59:53.2711035Z [command]/usr/bin/git config --global --add safe.directory /home/runner/work/spooky/spooky
2025-07-18T13:59:53.2746045Z [command]/usr/bin/git config --local --name-only --get-regexp core\.sshCommand
2025-07-18T13:59:53.2777094Z [command]/usr/bin/git submodule foreach --recursive sh -c "git config --local --name-only --get-regexp 'core\.sshCommand' && git config --local --unset-all 'core.sshCommand' || :"
2025-07-18T13:59:53.2994846Z [command]/usr/bin/git config --local --name-only --get-regexp http\.https\:\/\/github\.com\/\.extraheader
2025-07-18T13:59:53.3014345Z http.https://github.com/.extraheader
2025-07-18T13:59:53.3026643Z [command]/usr/bin/git config --local --unset-all http.https://github.com/.extraheader
2025-07-18T13:59:53.3055636Z [command]/usr/bin/git submodule foreach --recursive sh -c "git config --local --name-only --get-regexp 'http\.https\:\/\/github\.com\/\.extraheader' && git config --local --unset-all 'http.https://github.com/.extraheader' || :"
2025-07-18T13:59:53.3367135Z Cleaning up orphan processes
2025-07-18T13:59:53.3673296Z Terminate orphan process: pid (2554) (catatonit)
